Archive member included to satisfy reference by file (symbol)

/usr/lib/gcc/arm-none-eabi/9.2.0/../../../../arm-none-eabi/lib/thumb/v7e-m+dp/hard/libc.a(lib_a-atexit.o)
                              /usr/lib/gcc/arm-none-eabi/9.2.0/../../../../arm-none-eabi/lib/thumb/v7e-m+dp/hard/crt0.o (atexit)
/usr/lib/gcc/arm-none-eabi/9.2.0/../../../../arm-none-eabi/lib/thumb/v7e-m+dp/hard/libc.a(lib_a-exit.o)
                              /usr/lib/gcc/arm-none-eabi/9.2.0/../../../../arm-none-eabi/lib/thumb/v7e-m+dp/hard/crt0.o (exit)
/usr/lib/gcc/arm-none-eabi/9.2.0/../../../../arm-none-eabi/lib/thumb/v7e-m+dp/hard/libc.a(lib_a-fini.o)
                              /usr/lib/gcc/arm-none-eabi/9.2.0/../../../../arm-none-eabi/lib/thumb/v7e-m+dp/hard/crt0.o (__libc_fini_array)
/usr/lib/gcc/arm-none-eabi/9.2.0/../../../../arm-none-eabi/lib/thumb/v7e-m+dp/hard/libc.a(lib_a-impure.o)
                              /usr/lib/gcc/arm-none-eabi/9.2.0/../../../../arm-none-eabi/lib/thumb/v7e-m+dp/hard/libc.a(lib_a-exit.o) (_global_impure_ptr)
/usr/lib/gcc/arm-none-eabi/9.2.0/../../../../arm-none-eabi/lib/thumb/v7e-m+dp/hard/libc.a(lib_a-init.o)
                              /usr/lib/gcc/arm-none-eabi/9.2.0/../../../../arm-none-eabi/lib/thumb/v7e-m+dp/hard/crt0.o (__libc_init_array)
/usr/lib/gcc/arm-none-eabi/9.2.0/../../../../arm-none-eabi/lib/thumb/v7e-m+dp/hard/libc.a(lib_a-malloc.o)
                              build/Eagle_TRT.o (malloc)
/usr/lib/gcc/arm-none-eabi/9.2.0/../../../../arm-none-eabi/lib/thumb/v7e-m+dp/hard/libc.a(lib_a-mallocr.o)
                              /usr/lib/gcc/arm-none-eabi/9.2.0/../../../../arm-none-eabi/lib/thumb/v7e-m+dp/hard/libc.a(lib_a-malloc.o) (_malloc_r)
/usr/lib/gcc/arm-none-eabi/9.2.0/../../../../arm-none-eabi/lib/thumb/v7e-m+dp/hard/libc.a(lib_a-memset.o)
                              /usr/lib/gcc/arm-none-eabi/9.2.0/../../../../arm-none-eabi/lib/thumb/v7e-m+dp/hard/crt0.o (memset)
/usr/lib/gcc/arm-none-eabi/9.2.0/../../../../arm-none-eabi/lib/thumb/v7e-m+dp/hard/libc.a(lib_a-mlock.o)
                              /usr/lib/gcc/arm-none-eabi/9.2.0/../../../../arm-none-eabi/lib/thumb/v7e-m+dp/hard/libc.a(lib_a-mallocr.o) (__malloc_lock)
/usr/lib/gcc/arm-none-eabi/9.2.0/../../../../arm-none-eabi/lib/thumb/v7e-m+dp/hard/libc.a(lib_a-sbrkr.o)
                              /usr/lib/gcc/arm-none-eabi/9.2.0/../../../../arm-none-eabi/lib/thumb/v7e-m+dp/hard/libc.a(lib_a-mallocr.o) (_sbrk_r)
/usr/lib/gcc/arm-none-eabi/9.2.0/../../../../arm-none-eabi/lib/thumb/v7e-m+dp/hard/libc.a(lib_a-sprintf.o)
                              build/main.o (sprintf)
/usr/lib/gcc/arm-none-eabi/9.2.0/../../../../arm-none-eabi/lib/thumb/v7e-m+dp/hard/libc.a(lib_a-strcpy.o)
                              build/Eagle_TRT.o (strcpy)
/usr/lib/gcc/arm-none-eabi/9.2.0/../../../../arm-none-eabi/lib/thumb/v7e-m+dp/hard/libc.a(lib_a-strlen.o)
                              build/Eagle_TRT.o (strlen)
/usr/lib/gcc/arm-none-eabi/9.2.0/../../../../arm-none-eabi/lib/thumb/v7e-m+dp/hard/libc.a(lib_a-svfprintf.o)
                              /usr/lib/gcc/arm-none-eabi/9.2.0/../../../../arm-none-eabi/lib/thumb/v7e-m+dp/hard/libc.a(lib_a-sprintf.o) (_svfprintf_r)
/usr/lib/gcc/arm-none-eabi/9.2.0/../../../../arm-none-eabi/lib/thumb/v7e-m+dp/hard/libc.a(lib_a-__atexit.o)
                              /usr/lib/gcc/arm-none-eabi/9.2.0/../../../../arm-none-eabi/lib/thumb/v7e-m+dp/hard/libc.a(lib_a-atexit.o) (__register_exitproc)
/usr/lib/gcc/arm-none-eabi/9.2.0/../../../../arm-none-eabi/lib/thumb/v7e-m+dp/hard/libc.a(lib_a-__call_atexit.o)
                              /usr/lib/gcc/arm-none-eabi/9.2.0/../../../../arm-none-eabi/lib/thumb/v7e-m+dp/hard/libc.a(lib_a-exit.o) (__call_exitprocs)
/usr/lib/gcc/arm-none-eabi/9.2.0/../../../../arm-none-eabi/lib/thumb/v7e-m+dp/hard/libc.a(lib_a-dtoa.o)
                              /usr/lib/gcc/arm-none-eabi/9.2.0/../../../../arm-none-eabi/lib/thumb/v7e-m+dp/hard/libc.a(lib_a-svfprintf.o) (_dtoa_r)
/usr/lib/gcc/arm-none-eabi/9.2.0/../../../../arm-none-eabi/lib/thumb/v7e-m+dp/hard/libc.a(lib_a-freer.o)
                              /usr/lib/gcc/arm-none-eabi/9.2.0/../../../../arm-none-eabi/lib/thumb/v7e-m+dp/hard/libc.a(lib_a-malloc.o) (_free_r)
/usr/lib/gcc/arm-none-eabi/9.2.0/../../../../arm-none-eabi/lib/thumb/v7e-m+dp/hard/libc.a(lib_a-localeconv.o)
                              /usr/lib/gcc/arm-none-eabi/9.2.0/../../../../arm-none-eabi/lib/thumb/v7e-m+dp/hard/libc.a(lib_a-svfprintf.o) (_localeconv_r)
/usr/lib/gcc/arm-none-eabi/9.2.0/../../../../arm-none-eabi/lib/thumb/v7e-m+dp/hard/libc.a(lib_a-locale.o)
                              /usr/lib/gcc/arm-none-eabi/9.2.0/../../../../arm-none-eabi/lib/thumb/v7e-m+dp/hard/libc.a(lib_a-localeconv.o) (__global_locale)
/usr/lib/gcc/arm-none-eabi/9.2.0/../../../../arm-none-eabi/lib/thumb/v7e-m+dp/hard/libc.a(lib_a-lock.o)
[...]
Memory Configuration

Name             Origin             Length             Attributes
RAM              0x0000000020000000 0x0000000000080000 xrw
FLASH            0x0000000008000000 0x0000000000200000 xr
*default*        0x0000000000000000 0xffffffffffffffff

Linker script and memory map

LOAD /usr/lib/gcc/arm-none-eabi/9.2.0/thumb/v7e-m+dp/hard/crti.o
LOAD /usr/lib/gcc/arm-none-eabi/9.2.0/thumb/v7e-m+dp/hard/crtbegin.o
LOAD /usr/lib/gcc/arm-none-eabi/9.2.0/../../../../arm-none-eabi/lib/thumb/v7e-m+dp/hard/crt0.o
LOAD build/stm32f7xx_hal.o
LOAD build/stm32f7xx_hal_cortex.o
LOAD build/stm32f7xx_hal_dma.o
LOAD build/stm32f7xx_hal_dma_ex.o
LOAD build/stm32f7xx_hal_exti.o
LOAD build/stm32f7xx_hal_flash.o
LOAD build/stm32f7xx_hal_flash_ex.o
LOAD build/stm32f7xx_hal_gpio.o
LOAD build/stm32f7xx_hal_i2c.o
LOAD build/stm32f7xx_hal_i2c_ex.o
LOAD build/stm32f7xx_hal_pwr.o
LOAD build/stm32f7xx_hal_pwr_ex.o
LOAD build/stm32f7xx_hal_rcc.o
LOAD build/stm32f7xx_hal_rcc_ex.o
LOAD build/stm32f7xx_hal_tim.o
LOAD build/stm32f7xx_hal_tim_ex.o
LOAD build/stm32f7xx_hal_uart.o
LOAD build/stm32f7xx_hal_uart_ex.o
LOAD build/Eagle_TRT.o
LOAD build/main.o
LOAD build/stm32f7xx_hal_msp.o
LOAD build/stm32f7xx_it.o
LOAD build/system_stm32f7xx.o
LOAD build/startup_stm32f767xx.o
LOAD /usr/lib/gcc/arm-none-eabi/9.2.0/../../../../arm-none-eabi/lib/thumb/v7e-m+dp/hard/libc.a
LOAD /usr/lib/gcc/arm-none-eabi/9.2.0/../../../../arm-none-eabi/lib/thumb/v7e-m+dp/hard/libm.a
LOAD /usr/lib/gcc/arm-none-eabi/9.2.0/../../../../arm-none-eabi/lib/thumb/v7e-m+dp/hard/libnosys.a
START GROUP
LOAD /usr/lib/gcc/arm-none-eabi/9.2.0/thumb/v7e-m+dp/hard/libgcc.a
LOAD /usr/lib/gcc/arm-none-eabi/9.2.0/../../../../arm-none-eabi/lib/thumb/v7e-m+dp/hard/libc.a
END GROUP
START GROUP
LOAD /usr/lib/gcc/arm-none-eabi/9.2.0/thumb/v7e-m+dp/hard/libgcc.a
LOAD /usr/lib/gcc/arm-none-eabi/9.2.0/../../../../arm-none-eabi/lib/thumb/v7e-m+dp/hard/libc.a
LOAD /usr/lib/gcc/arm-none-eabi/9.2.0/../../../../arm-none-eabi/lib/thumb/v7e-m+dp/hard/libnosys.a
END GROUP
LOAD /usr/lib/gcc/arm-none-eabi/9.2.0/thumb/v7e-m+dp/hard/crtend.o
LOAD /usr/lib/gcc/arm-none-eabi/9.2.0/thumb/v7e-m+dp/hard/crtn.o
                0x0000000020080000                _estack = 0x20080000
                0x0000000000000200                _Min_Heap_Size = 0x200
                0x0000000000000400                _Min_Stack_Size = 0x400

.isr_vector     0x0000000008000000      0x1f8
                0x0000000008000000                . = ALIGN (0x4)
 *(.isr_vector)
 .isr_vector    0x0000000008000000      0x1f8 build/startup_stm32f767xx.o
                0x0000000008000000                g_pfnVectors
                0x00000000080001f8                . = ALIGN (0x4)

.text           0x0000000008000200     0x6c80
                0x0000000008000200                . = ALIGN (0x4)
 *(.text)
 .text          0x0000000008000200       0xdc /usr/lib/gcc/arm-none-eabi/9.2.0/../../../../arm-none-eabi/lib/thumb/v7e-m+dp/hard/libc.a(lib_a-strlen.o)
                0x0000000008000200                strlen
 *fill*         0x00000000080002dc        0x4 
 .text          0x00000000080002e0       0xa0 /usr/lib/gcc/arm-none-eabi/9.2.0/../../../../arm-none-eabi/lib/thumb/v7e-m+dp/hard/libc.a(lib_a-memchr.o)
                0x00000000080002e0                memchr
 .text          0x0000000008000380      0x134 /usr/lib/gcc/arm-none-eabi/9.2.0/../../../../arm-none-eabi/lib/thumb/v7e-m+dp/hard/libc.a(lib_a-memcpy.o)
                0x0000000008000380                memcpy
 .text          0x00000000080004b4       0x30 /usr/lib/gcc/arm-none-eabi/9.2.0/thumb/v7e-m+dp/hard/libgcc.a(_aeabi_uldivmod.o)
                0x00000000080004b4                __aeabi_uldivmod
 .text          0x00000000080004e4        0x4 /usr/lib/gcc/arm-none-eabi/9.2.0/thumb/v7e-m+dp/hard/libgcc.a(_dvmd_tls.o)
                0x00000000080004e4                __aeabi_ldiv0
                0x00000000080004e4                __aeabi_idiv0
 *(.text*)
 .text.__do_global_dtors_aux
                0x00000000080004e8       0x24 /usr/lib/gcc/arm-none-eabi/9.2.0/thumb/v7e-m+dp/hard/crtbegin.o
 .text.frame_dummy
                0x000000000800050c       0x1c /usr/lib/gcc/arm-none-eabi/9.2.0/thumb/v7e-m+dp/hard/crtbegin.o
 .text.HAL_InitTick
                0x0000000008000528       0x4c build/stm32f7xx_hal.o
                0x0000000008000528                HAL_InitTick
 .text.HAL_Init
                0x0000000008000574       0x16 build/stm32f7xx_hal.o
                0x0000000008000574                HAL_Init
 *fill*         0x000000000800058a        0x2 
 .text.HAL_IncTick
                0x000000000800058c       0x18 build/stm32f7xx_hal.o
                0x000000000800058c                HAL_IncTick
 .text.HAL_GetTick
                0x00000000080005a4        0xc build/stm32f7xx_hal.o
                0x00000000080005a4                HAL_GetTick
 .text.HAL_NVIC_SetPriorityGrouping
                0x00000000080005b0       0x24 build/stm32f7xx_hal_cortex.o
                0x00000000080005b0                HAL_NVIC_SetPriorityGrouping
 .text.HAL_NVIC_SetPriority
                0x00000000080005d4       0x64 build/stm32f7xx_hal_cortex.o
                0x00000000080005d4                HAL_NVIC_SetPriority
 .text.HAL_NVIC_EnableIRQ
                0x0000000008000638       0x1c build/stm32f7xx_hal_cortex.o
                0x0000000008000638                HAL_NVIC_EnableIRQ
 .text.HAL_SYSTICK_Config
                0x0000000008000654       0x2c build/stm32f7xx_hal_cortex.o
                0x0000000008000654                HAL_SYSTICK_Config
 .text.HAL_GPIO_Init
                0x0000000008000680      0x1e0 build/stm32f7xx_hal_gpio.o
                0x0000000008000680                HAL_GPIO_Init
 .text.HAL_GPIO_ReadPin
                0x0000000008000860        0xe build/stm32f7xx_hal_gpio.o
                0x0000000008000860                HAL_GPIO_ReadPin
 .text.HAL_GPIO_WritePin
                0x000000000800086e        0xc build/stm32f7xx_hal_gpio.o
                0x000000000800086e                HAL_GPIO_WritePin
 *fill*         0x000000000800087a        0x2 
 .text.HAL_PWREx_EnableOverDrive
                0x000000000800087c       0x7c build/stm32f7xx_hal_pwr_ex.o
                0x000000000800087c                HAL_PWREx_EnableOverDrive
 .text.HAL_RCC_OscConfig
                0x00000000080008f8      0x444 build/stm32f7xx_hal_rcc.o
                0x00000000080008f8                HAL_RCC_OscConfig
 .text.HAL_RCC_GetSysClockFreq
                0x0000000008000d3c       0xc0 build/stm32f7xx_hal_rcc.o
                0x0000000008000d3c                HAL_RCC_GetSysClockFreq
 .text.HAL_RCC_ClockConfig
                0x0000000008000dfc      0x16c build/stm32f7xx_hal_rcc.o
                0x0000000008000dfc                HAL_RCC_ClockConfig
 .text.HAL_RCC_GetHCLKFreq
                0x0000000008000f68        0xc build/stm32f7xx_hal_rcc.o
                0x0000000008000f68                HAL_RCC_GetHCLKFreq
 .text.HAL_RCC_GetPCLK1Freq
                0x0000000008000f74       0x20 build/stm32f7xx_hal_rcc.o
                0x0000000008000f74                HAL_RCC_GetPCLK1Freq
 .text.HAL_RCC_GetPCLK2Freq
                0x0000000008000f94       0x20 build/stm32f7xx_hal_rcc.o
                0x0000000008000f94                HAL_RCC_GetPCLK2Freq
 .text.HAL_RCCEx_PeriphCLKConfig
                0x0000000008000fb4      0x604 build/stm32f7xx_hal_rcc_ex.o
                0x0000000008000fb4                HAL_RCCEx_PeriphCLKConfig
 .text.HAL_TIM_Base_Start
                0x00000000080015b8       0x30 build/stm32f7xx_hal_tim.o
                0x00000000080015b8                HAL_TIM_Base_Start
 .text.HAL_TIM_Base_Start_IT
                0x00000000080015e8       0x2c build/stm32f7xx_hal_tim.o
                0x00000000080015e8                HAL_TIM_Base_Start_IT
 .text.HAL_TIM_OC_DelayElapsedCallback
                0x0000000008001614        0x2 build/stm32f7xx_hal_tim.o
                0x0000000008001614                HAL_TIM_OC_DelayElapsedCallback
 .text.HAL_TIM_IC_CaptureCallback
                0x0000000008001616        0x2 build/stm32f7xx_hal_tim.o
                0x0000000008001616                HAL_TIM_IC_CaptureCallback
 .text.HAL_TIM_PWM_PulseFinishedCallback
                0x0000000008001618        0x2 build/stm32f7xx_hal_tim.o
                0x0000000008001618                HAL_TIM_PWM_PulseFinishedCallback
 .text.HAL_TIM_TriggerCallback
                0x000000000800161a        0x2 build/stm32f7xx_hal_tim.o
                0x000000000800161a                HAL_TIM_TriggerCallback
 .text.HAL_TIM_IRQHandler
                0x000000000800161c      0x19a build/stm32f7xx_hal_tim.o
                0x000000000800161c                HAL_TIM_IRQHandler
 *fill*         0x00000000080017b6        0x2 
 .text.TIM_Base_SetConfig
                0x00000000080017b8      0x10c build/stm32f7xx_hal_tim.o
                0x00000000080017b8                TIM_Base_SetConfig
 .text.HAL_TIM_Base_Init
                0x00000000080018c4       0x34 build/stm32f7xx_hal_tim.o
                0x00000000080018c4                HAL_TIM_Base_Init
 .text.HAL_TIMEx_MasterConfigSynchronization
                0x00000000080018f8       0xa0 build/stm32f7xx_hal_tim_ex.o
                0x00000000080018f8                HAL_TIMEx_MasterConfigSynchronization
 .text.HAL_TIMEx_CommutCallback
                0x0000000008001998        0x2 build/stm32f7xx_hal_tim_ex.o
                0x0000000008001998                HAL_TIMEx_CommutCallback
 .text.HAL_TIMEx_BreakCallback
                0x000000000800199a        0x2 build/stm32f7xx_hal_tim_ex.o
                0x000000000800199a                HAL_TIMEx_BreakCallback
 .text.HAL_TIMEx_Break2Callback
                0x000000000800199c        0x2 build/stm32f7xx_hal_tim_ex.o
                0x000000000800199c                HAL_TIMEx_Break2Callback
 .text.UART_TxISR_8BIT
                0x000000000800199e       0x42 build/stm32f7xx_hal_uart.o
 .text.UART_TxISR_16BIT
                0x00000000080019e0       0x46 build/stm32f7xx_hal_uart.o
 *fill*         0x0000000008001a26        0x2 
 .text.HAL_UART_Transmit_IT
                0x0000000008001a28       0x74 build/stm32f7xx_hal_uart.o
                0x0000000008001a28                HAL_UART_Transmit_IT
 .text.UART_SetConfig
                0x0000000008001a9c      0x3a0 build/stm32f7xx_hal_uart.o
                0x0000000008001a9c                UART_SetConfig
 .text.UART_AdvFeatureConfig
                0x0000000008001e3c       0xca build/stm32f7xx_hal_uart.o
                0x0000000008001e3c                UART_AdvFeatureConfig
 .text.UART_WaitOnFlagUntilTimeout
                0x0000000008001f06       0xa2 build/stm32f7xx_hal_uart.o
                0x0000000008001f06                UART_WaitOnFlagUntilTimeout
 .text.UART_CheckIdleState
                0x0000000008001fa8       0x6c build/stm32f7xx_hal_uart.o
                0x0000000008001fa8                UART_CheckIdleState
 .text.HAL_UART_Init
                0x0000000008002014       0x62 build/stm32f7xx_hal_uart.o
                0x0000000008002014                HAL_UART_Init
 .text.next     0x0000000008002076        0xc build/Eagle_TRT.o
 .text.fullp    0x0000000008002082       0x18 build/Eagle_TRT.o
 .text.push     0x000000000800209a       0x42 build/Eagle_TRT.o
                0x000000000800209a                push
 .text.print    0x00000000080020dc       0x30 build/Eagle_TRT.o
                0x00000000080020dc                print
 .text.Power    0x000000000800210c       0x26 build/Eagle_TRT.o
                0x000000000800210c                Power
 .text.bin_dec  0x0000000008002132       0x42 build/Eagle_TRT.o
                0x0000000008002132                bin_dec
 .text.read_SSI
                0x0000000008002174      0x18a build/Eagle_TRT.o
                0x0000000008002174                read_SSI
 .text.shift_array
                0x00000000080022fe       0x46 build/Eagle_TRT.o
                0x00000000080022fe                shift_array
 *fill*         0x0000000008002344        0x4 
 .text.dynamic_average
                0x0000000008002348       0x30 build/Eagle_TRT.o
                0x0000000008002348                dynamic_average
 .text.get_speed_encoder
                0x0000000008002378      0x214 build/Eagle_TRT.o
                0x0000000008002378                get_speed_encoder
 *fill*         0x000000000800258c        0x4 
 .text.encoder_tim_interrupt
                0x0000000008002590       0x98 build/Eagle_TRT.o
                0x0000000008002590                encoder_tim_interrupt
 .text.MX_GPIO_Init
                0x0000000008002628      0x1d4 build/main.o
 .text.MX_TIM6_Init
                0x00000000080027fc       0x40 build/main.o
 .text.MX_TIM7_Init
                0x000000000800283c       0x40 build/main.o
 .text.MX_USART3_UART_Init
                0x000000000800287c       0x30 build/main.o
 .text.SystemClock_Config
                0x00000000080028ac       0xa8 build/main.o
                0x00000000080028ac                SystemClock_Config
 .text.main     0x0000000008002954      0x108 build/main.o
                0x0000000008002954                main
 .text.HAL_TIM_PeriodElapsedCallback
                0x0000000008002a5c       0x28 build/main.o
                0x0000000008002a5c                HAL_TIM_PeriodElapsedCallback
 .text.HAL_MspInit
                0x0000000008002a84       0x30 build/stm32f7xx_hal_msp.o
                0x0000000008002a84                HAL_MspInit
 .text.HAL_TIM_Base_MspInit
                0x0000000008002ab4       0x70 build/stm32f7xx_hal_msp.o
                0x0000000008002ab4                HAL_TIM_Base_MspInit
 .text.HAL_UART_MspInit
                0x0000000008002b24       0x6c build/stm32f7xx_hal_msp.o
                0x0000000008002b24                HAL_UART_MspInit
 .text.NMI_Handler
                0x0000000008002b90        0x2 build/stm32f7xx_it.o
                0x0000000008002b90                NMI_Handler
 .text.HardFault_Handler
                0x0000000008002b92        0x2 build/stm32f7xx_it.o
                0x0000000008002b92                HardFault_Handler
 .text.MemManage_Handler
                0x0000000008002b94        0x2 build/stm32f7xx_it.o
                0x0000000008002b94                MemManage_Handler
 .text.BusFault_Handler
                0x0000000008002b96        0x2 build/stm32f7xx_it.o
                0x0000000008002b96                BusFault_Handler
 .text.UsageFault_Handler
                0x0000000008002b98        0x2 build/stm32f7xx_it.o
                0x0000000008002b98                UsageFault_Handler
 .text.SVC_Handler
                0x0000000008002b9a        0x2 build/stm32f7xx_it.o
                0x0000000008002b9a                SVC_Handler
 .text.DebugMon_Handler
                0x0000000008002b9c        0x2 build/stm32f7xx_it.o
                0x0000000008002b9c                DebugMon_Handler
 .text.PendSV_Handler
                0x0000000008002b9e        0x2 build/stm32f7xx_it.o
                0x0000000008002b9e                PendSV_Handler
 .text.SysTick_Handler
                0x0000000008002ba0        0x8 build/stm32f7xx_it.o
                0x0000000008002ba0                SysTick_Handler
 .text.TIM6_DAC_IRQHandler
                0x0000000008002ba8       0x10 build/stm32f7xx_it.o
                0x0000000008002ba8                TIM6_DAC_IRQHandler
 .text.TIM7_IRQHandler
                0x0000000008002bb8       0x10 build/stm32f7xx_it.o
                0x0000000008002bb8                TIM7_IRQHandler
 .text.SystemInit
                0x0000000008002bc8       0x50 build/system_stm32f7xx.o
                0x0000000008002bc8                SystemInit
 .text.Reset_Handler
                0x0000000008002c18       0x50 build/startup_stm32f767xx.o
                0x0000000008002c18                Reset_Handler
 .text.Default_Handler
                0x0000000008002c68        0x2 build/startup_stm32f767xx.o
                0x0000000008002c68                RTC_Alarm_IRQHandler
                0x0000000008002c68                EXTI2_IRQHandler
                0x0000000008002c68                TIM8_CC_IRQHandler
                0x0000000008002c68                UART8_IRQHandler
                0x0000000008002c68                SPI4_IRQHandler
                0x0000000008002c68                TIM1_CC_IRQHandler
                0x0000000008002c68                DMA2_Stream5_IRQHandler
                0x0000000008002c68                JPEG_IRQHandler
                0x0000000008002c68                DMA1_Stream5_IRQHandler
                0x0000000008002c68                CAN3_RX1_IRQHandler
                0x0000000008002c68                PVD_IRQHandler
                0x0000000008002c68                TAMP_STAMP_IRQHandler
                0x0000000008002c68                CAN2_RX1_IRQHandler
                0x0000000008002c68                EXTI3_IRQHandler
                0x0000000008002c68                TIM8_TRG_COM_TIM14_IRQHandler
                0x0000000008002c68                DFSDM1_FLT1_IRQHandler
                0x0000000008002c68                TIM1_UP_TIM10_IRQHandler
                0x0000000008002c68                TIM8_UP_TIM13_IRQHandler
                0x0000000008002c68                I2C3_ER_IRQHandler
                0x0000000008002c68                DFSDM1_FLT2_IRQHandler
                0x0000000008002c68                EXTI0_IRQHandler
                0x0000000008002c68                I2C2_EV_IRQHandler
                0x0000000008002c68                DMA1_Stream2_IRQHandler
                0x0000000008002c68                CAN1_RX0_IRQHandler
                0x0000000008002c68                FPU_IRQHandler
                0x0000000008002c68                OTG_HS_WKUP_IRQHandler
                0x0000000008002c68                CAN3_SCE_IRQHandler
                0x0000000008002c68                LTDC_ER_IRQHandler
                0x0000000008002c68                CAN2_SCE_IRQHandler
                0x0000000008002c68                DMA2_Stream2_IRQHandler
                0x0000000008002c68                SPI1_IRQHandler
                0x0000000008002c68                TIM1_BRK_TIM9_IRQHandler
                0x0000000008002c68                DCMI_IRQHandler
                0x0000000008002c68                CAN2_RX0_IRQHandler
                0x0000000008002c68                DMA2_Stream3_IRQHandler
                0x0000000008002c68                SAI2_IRQHandler
                0x0000000008002c68                DFSDM1_FLT3_IRQHandler
                0x0000000008002c68                USART6_IRQHandler
                0x0000000008002c68                CAN3_RX0_IRQHandler
                0x0000000008002c68                USART3_IRQHandler
                0x0000000008002c68                CAN1_RX1_IRQHandler
                0x0000000008002c68                UART5_IRQHandler
                0x0000000008002c68                DMA2_Stream0_IRQHandler
                0x0000000008002c68                TIM4_IRQHandler
                0x0000000008002c68                QUADSPI_IRQHandler
                0x0000000008002c68                I2C1_EV_IRQHandler
                0x0000000008002c68                DMA1_Stream6_IRQHandler
                0x0000000008002c68                DMA1_Stream1_IRQHandler
                0x0000000008002c68                UART4_IRQHandler
                0x0000000008002c68                TIM3_IRQHandler
                0x0000000008002c68                RCC_IRQHandler
                0x0000000008002c68                TIM8_BRK_TIM12_IRQHandler
                0x0000000008002c68                Default_Handler
                0x0000000008002c68                CEC_IRQHandler
                0x0000000008002c68                EXTI15_10_IRQHandler
                0x0000000008002c68                ADC_IRQHandler
                0x0000000008002c68                DMA1_Stream7_IRQHandler
                0x0000000008002c68                SPI5_IRQHandler
                0x0000000008002c68                SDMMC1_IRQHandler
                0x0000000008002c68                CAN2_TX_IRQHandler
                0x0000000008002c68                TIM5_IRQHandler
                0x0000000008002c68                DMA2_Stream7_IRQHandler
                0x0000000008002c68                I2C3_EV_IRQHandler
                0x0000000008002c68                EXTI9_5_IRQHandler
                0x0000000008002c68                RTC_WKUP_IRQHandler
                0x0000000008002c68                LTDC_IRQHandler
                0x0000000008002c68                ETH_WKUP_IRQHandler
                0x0000000008002c68                SPDIF_RX_IRQHandler
                0x0000000008002c68                SPI2_IRQHandler
                0x0000000008002c68                OTG_HS_EP1_IN_IRQHandler
                0x0000000008002c68                DMA1_Stream0_IRQHandler
                0x0000000008002c68                CAN1_TX_IRQHandler
                0x0000000008002c68                EXTI4_IRQHandler
                0x0000000008002c68                RNG_IRQHandler
                0x0000000008002c68                ETH_IRQHandler
                0x0000000008002c68                OTG_HS_EP1_OUT_IRQHandler
                0x0000000008002c68                WWDG_IRQHandler
                0x0000000008002c68                SPI6_IRQHandler
                0x0000000008002c68                MDIOS_IRQHandler
                0x0000000008002c68                I2C4_EV_IRQHandler
                0x0000000008002c68                CAN3_TX_IRQHandler
                0x0000000008002c68                TIM2_IRQHandler
                0x0000000008002c68                OTG_FS_WKUP_IRQHandler
                0x0000000008002c68                TIM1_TRG_COM_TIM11_IRQHandler
                0x0000000008002c68                OTG_HS_IRQHandler
                0x0000000008002c68                DMA2D_IRQHandler
                0x0000000008002c68                EXTI1_IRQHandler
                0x0000000008002c68                SDMMC2_IRQHandler
                0x0000000008002c68                UART7_IRQHandler
                0x0000000008002c68                USART2_IRQHandler
                0x0000000008002c68                DFSDM1_FLT0_IRQHandler
                0x0000000008002c68                I2C2_ER_IRQHandler
                0x0000000008002c68                DMA2_Stream1_IRQHandler
                0x0000000008002c68                CAN1_SCE_IRQHandler
                0x0000000008002c68                FLASH_IRQHandler
                0x0000000008002c68                DMA2_Stream4_IRQHandler
                0x0000000008002c68                USART1_IRQHandler
                0x0000000008002c68                OTG_FS_IRQHandler
                0x0000000008002c68                SPI3_IRQHandler
                0x0000000008002c68                DMA1_Stream4_IRQHandler
                0x0000000008002c68                I2C1_ER_IRQHandler
                0x0000000008002c68                FMC_IRQHandler
                0x0000000008002c68                LPTIM1_IRQHandler
                0x0000000008002c68                I2C4_ER_IRQHandler
                0x0000000008002c68                DMA2_Stream6_IRQHandler
                0x0000000008002c68                SAI1_IRQHandler
                0x0000000008002c68                DMA1_Stream3_IRQHandler
 *fill*         0x0000000008002c6a        0x2 
 .text.atexit   0x0000000008002c6c        0xc /usr/lib/gcc/arm-none-eabi/9.2.0/../../../../arm-none-eabi/lib/thumb/v7e-m+dp/hard/libc.a(lib_a-atexit.o)
                0x0000000008002c6c                atexit
 .text.__libc_fini_array
                0x0000000008002c78       0x2c /usr/lib/gcc/arm-none-eabi/9.2.0/../../../../arm-none-eabi/lib/thumb/v7e-m+dp/hard/libc.a(lib_a-fini.o)
                0x0000000008002c78                __libc_fini_array
 .text.__libc_init_array
                0x0000000008002ca4       0x48 /usr/lib/gcc/arm-none-eabi/9.2.0/../../../../arm-none-eabi/lib/thumb/v7e-m+dp/hard/libc.a(lib_a-init.o)
                0x0000000008002ca4                __libc_init_array
 .text.malloc   0x0000000008002cec       0x10 /usr/lib/gcc/arm-none-eabi/9.2.0/../../../../arm-none-eabi/lib/thumb/v7e-m+dp/hard/libc.a(lib_a-malloc.o)
                0x0000000008002cec                malloc
 .text._malloc_r
                0x0000000008002cfc      0x578 /usr/lib/gcc/arm-none-eabi/9.2.0/../../../../arm-none-eabi/lib/thumb/v7e-m+dp/hard/libc.a(lib_a-mallocr.o)
                0x0000000008002cfc                _malloc_r
 .text.memset   0x0000000008003274       0xa0 /usr/lib/gcc/arm-none-eabi/9.2.0/../../../../arm-none-eabi/lib/thumb/v7e-m+dp/hard/libc.a(lib_a-memset.o)
                0x0000000008003274                memset
 .text.__malloc_lock
                0x0000000008003314        0xc /usr/lib/gcc/arm-none-eabi/9.2.0/../../../../arm-none-eabi/lib/thumb/v7e-m+dp/hard/libc.a(lib_a-mlock.o)
                0x0000000008003314                __malloc_lock
 .text.__malloc_unlock
                0x0000000008003320        0xc /usr/lib/gcc/arm-none-eabi/9.2.0/../../../../arm-none-eabi/lib/thumb/v7e-m+dp/hard/libc.a(lib_a-mlock.o)
                0x0000000008003320                __malloc_unlock
 .text._sbrk_r  0x000000000800332c       0x24 /usr/lib/gcc/arm-none-eabi/9.2.0/../../../../arm-none-eabi/lib/thumb/v7e-m+dp/hard/libc.a(lib_a-sbrkr.o)
                0x000000000800332c                _sbrk_r
 .text.sprintf  0x0000000008003350       0x44 /usr/lib/gcc/arm-none-eabi/9.2.0/../../../../arm-none-eabi/lib/thumb/v7e-m+dp/hard/libc.a(lib_a-sprintf.o)
                0x0000000008003350                sprintf
 .text.strcpy   0x0000000008003394       0xbc /usr/lib/gcc/arm-none-eabi/9.2.0/../../../../arm-none-eabi/lib/thumb/v7e-m+dp/hard/libc.a(lib_a-strcpy.o)
                0x0000000008003394                strcpy
 .text._svfprintf_r
                0x0000000008003450     0x1900 /usr/lib/gcc/arm-none-eabi/9.2.0/../../../../arm-none-eabi/lib/thumb/v7e-m+dp/hard/libc.a(lib_a-svfprintf.o)
                0x0000000008003450                _svfprintf_r
 .text.__register_exitproc
                0x0000000008004d50       0x88 /usr/lib/gcc/arm-none-eabi/9.2.0/../../../../arm-none-eabi/lib/thumb/v7e-m+dp/hard/libc.a(lib_a-__atexit.o)
                0x0000000008004d50                __register_exitproc
 .text.startup.register_fini
                0x0000000008004dd8       0x14 /usr/lib/gcc/arm-none-eabi/9.2.0/../../../../arm-none-eabi/lib/thumb/v7e-m+dp/hard/libc.a(lib_a-__call_atexit.o)
 .text.quorem   0x0000000008004dec      0x11c /usr/lib/gcc/arm-none-eabi/9.2.0/../../../../arm-none-eabi/lib/thumb/v7e-m+dp/hard/libc.a(lib_a-dtoa.o)
 .text._dtoa_r  0x0000000008004f08      0xc84 /usr/lib/gcc/arm-none-eabi/9.2.0/../../../../arm-none-eabi/lib/thumb/v7e-m+dp/hard/libc.a(lib_a-dtoa.o)
                0x0000000008004f08                _dtoa_r
 .text._malloc_trim_r
                0x0000000008005b8c       0xa0 /usr/lib/gcc/arm-none-eabi/9.2.0/../../../../arm-none-eabi/lib/thumb/v7e-m+dp/hard/libc.a(lib_a-freer.o)
                0x0000000008005b8c                _malloc_trim_r
 .text._free_r  0x0000000008005c2c      0x214 /usr/lib/gcc/arm-none-eabi/9.2.0/../../../../arm-none-eabi/lib/thumb/v7e-m+dp/hard/libc.a(lib_a-freer.o)
                0x0000000008005c2c                _free_r
 .text._localeconv_r
                0x0000000008005e40        0x8 /usr/lib/gcc/arm-none-eabi/9.2.0/../../../../arm-none-eabi/lib/thumb/v7e-m+dp/hard/libc.a(lib_a-localeconv.o)
                0x0000000008005e40                _localeconv_r
 .text.__retarget_lock_acquire_recursive
                0x0000000008005e48        0x4 /usr/lib/gcc/arm-none-eabi/9.2.0/../../../../arm-none-eabi/lib/thumb/v7e-m+dp/hard/libc.a(lib_a-lock.o)
                0x0000000008005e48                __retarget_lock_acquire_recursive
 .text.__retarget_lock_release_recursive
                0x0000000008005e4c        0x4 /usr/lib/gcc/arm-none-eabi/9.2.0/../../../../arm-none-eabi/lib/thumb/v7e-m+dp/hard/libc.a(lib_a-lock.o)
                0x0000000008005e4c                __retarget_lock_release_recursive
 .text.__ascii_mbtowc
                0x0000000008005e50       0x2c /usr/lib/gcc/arm-none-eabi/9.2.0/../../../../arm-none-eabi/lib/thumb/v7e-m+dp/hard/libc.a(lib_a-mbtowc_r.o)
                0x0000000008005e50                __ascii_mbtowc
 .text._Balloc  0x0000000008005e7c       0x4c /usr/lib/gcc/arm-none-eabi/9.2.0/../../../../arm-none-eabi/lib/thumb/v7e-m+dp/hard/libc.a(lib_a-mprec.o)
                0x0000000008005e7c                _Balloc
 .text._Bfree   0x0000000008005ec8       0x14 /usr/lib/gcc/arm-none-eabi/9.2.0/../../../../arm-none-eabi/lib/thumb/v7e-m+dp/hard/libc.a(lib_a-mprec.o)
                0x0000000008005ec8                _Bfree
 .text.__multadd
                0x0000000008005edc       0x8c /usr/lib/gcc/arm-none-eabi/9.2.0/../../../../arm-none-eabi/lib/thumb/v7e-m+dp/hard/libc.a(lib_a-mprec.o)
                0x0000000008005edc                __multadd
 .text.__hi0bits
                0x0000000008005f68       0x40 /usr/lib/gcc/arm-none-eabi/9.2.0/../../../../arm-none-eabi/lib/thumb/v7e-m+dp/hard/libc.a(lib_a-mprec.o)
                0x0000000008005f68                __hi0bits
 .text.__lo0bits
                0x0000000008005fa8       0x60 /usr/lib/gcc/arm-none-eabi/9.2.0/../../../../arm-none-eabi/lib/thumb/v7e-m+dp/hard/libc.a(lib_a-mprec.o)
                0x0000000008005fa8                __lo0bits
 .text.__i2b    0x0000000008006008       0x14 /usr/lib/gcc/arm-none-eabi/9.2.0/../../../../arm-none-eabi/lib/thumb/v7e-m+dp/hard/libc.a(lib_a-mprec.o)
                0x0000000008006008                __i2b
 .text.__multiply
                0x000000000800601c      0x144 /usr/lib/gcc/arm-none-eabi/9.2.0/../../../../arm-none-eabi/lib/thumb/v7e-m+dp/hard/libc.a(lib_a-mprec.o)
                0x000000000800601c                __multiply
 .text.__pow5mult
                0x0000000008006160       0xa0 /usr/lib/gcc/arm-none-eabi/9.2.0/../../../../arm-none-eabi/lib/thumb/v7e-m+dp/hard/libc.a(lib_a-mprec.o)
                0x0000000008006160                __pow5mult
 .text.__lshift
                0x0000000008006200       0xd4 /usr/lib/gcc/arm-none-eabi/9.2.0/../../../../arm-none-eabi/lib/thumb/v7e-m+dp/hard/libc.a(lib_a-mprec.o)
                0x0000000008006200                __lshift
 .text.__mcmp   0x00000000080062d4       0x3c /usr/lib/gcc/arm-none-eabi/9.2.0/../../../../arm-none-eabi/lib/thumb/v7e-m+dp/hard/libc.a(lib_a-mprec.o)
                0x00000000080062d4                __mcmp
 .text.__mdiff  0x0000000008006310      0x128 /usr/lib/gcc/arm-none-eabi/9.2.0/../../../../arm-none-eabi/lib/thumb/v7e-m+dp/hard/libc.a(lib_a-mprec.o)
                0x0000000008006310                __mdiff
 .text.__d2b    0x0000000008006438       0xbc /usr/lib/gcc/arm-none-eabi/9.2.0/../../../../arm-none-eabi/lib/thumb/v7e-m+dp/hard/libc.a(lib_a-mprec.o)
                0x0000000008006438                __d2b
 *fill*         0x00000000080064f4        0x4 
 .text.frexp    0x00000000080064f8       0x78 /usr/lib/gcc/arm-none-eabi/9.2.0/../../../../arm-none-eabi/lib/thumb/v7e-m+dp/hard/libc.a(lib_a-s_frexp.o)
                0x00000000080064f8                frexp
 .text.strncpy  0x0000000008006570       0x68 /usr/lib/gcc/arm-none-eabi/9.2.0/../../../../arm-none-eabi/lib/thumb/v7e-m+dp/hard/libc.a(lib_a-strncpy.o)
                0x0000000008006570                strncpy
 .text.__ssprint_r
                0x00000000080065d8       0xf8 /usr/lib/gcc/arm-none-eabi/9.2.0/../../../../arm-none-eabi/lib/thumb/v7e-m+dp/hard/libc.a(lib_a-svfiprintf.o)
                0x00000000080065d8                __ssprint_r
 .text.__ascii_wctomb
                0x00000000080066d0       0x1c /usr/lib/gcc/arm-none-eabi/9.2.0/../../../../arm-none-eabi/lib/thumb/v7e-m+dp/hard/libc.a(lib_a-wctomb_r.o)
                0x00000000080066d0                __ascii_wctomb
 .text._calloc_r
                0x00000000080066ec       0x60 /usr/lib/gcc/arm-none-eabi/9.2.0/../../../../arm-none-eabi/lib/thumb/v7e-m+dp/hard/libc.a(lib_a-callocr.o)
                0x00000000080066ec                _calloc_r
 .text.memmove  0x000000000800674c       0xd8 /usr/lib/gcc/arm-none-eabi/9.2.0/../../../../arm-none-eabi/lib/thumb/v7e-m+dp/hard/libc.a(lib_a-memmove.o)
                0x000000000800674c                memmove
 .text._realloc_r
                0x0000000008006824      0x37c /usr/lib/gcc/arm-none-eabi/9.2.0/../../../../arm-none-eabi/lib/thumb/v7e-m+dp/hard/libc.a(lib_a-reallocr.o)
                0x0000000008006824                _realloc_r
 .text._sbrk    0x0000000008006ba0       0x1c /usr/lib/gcc/arm-none-eabi/9.2.0/../../../../arm-none-eabi/lib/thumb/v7e-m+dp/hard/libnosys.a(sbrk.o)
                0x0000000008006ba0                _sbrk
 .text.__udivmoddi4
                0x0000000008006bbc      0x2aa /usr/lib/gcc/arm-none-eabi/9.2.0/thumb/v7e-m+dp/hard/libgcc.a(_udivmoddi4.o)
                0x0000000008006bbc                __udivmoddi4
 *(.glue_7)
 .glue_7        0x0000000008006e66        0x0 linker stubs
 *(.glue_7t)
 .glue_7t       0x0000000008006e66        0x0 linker stubs
 *(.eh_frame)
 *fill*         0x0000000008006e66        0x2 
 .eh_frame      0x0000000008006e68        0x0 /usr/lib/gcc/arm-none-eabi/9.2.0/thumb/v7e-m+dp/hard/crtbegin.o
 *(.init)
 .init          0x0000000008006e68        0x4 /usr/lib/gcc/arm-none-eabi/9.2.0/thumb/v7e-m+dp/hard/crti.o
                0x0000000008006e68                _init
 .init          0x0000000008006e6c        0x8 /usr/lib/gcc/arm-none-eabi/9.2.0/thumb/v7e-m+dp/hard/crtn.o
 *(.fini)
 .fini          0x0000000008006e74        0x4 /usr/lib/gcc/arm-none-eabi/9.2.0/thumb/v7e-m+dp/hard/crti.o
                0x0000000008006e74                _fini
 .fini          0x0000000008006e78        0x8 /usr/lib/gcc/arm-none-eabi/9.2.0/thumb/v7e-m+dp/hard/crtn.o
                0x0000000008006e80                . = ALIGN (0x4)
                0x0000000008006e80                _etext = .

.vfp11_veneer   0x0000000008006e80        0x0
 .vfp11_veneer  0x0000000008006e80        0x0 linker stubs

.v4_bx          0x0000000008006e80        0x0
 .v4_bx         0x0000000008006e80        0x0 linker stubs

.iplt           0x0000000008006e80        0x0
 .iplt          0x0000000008006e80        0x0 /usr/lib/gcc/arm-none-eabi/9.2.0/thumb/v7e-m+dp/hard/crtbegin.o

.rodata         0x0000000008006e80      0x2d0
                0x0000000008006e80                . = ALIGN (0x4)
 *(.rodata)
 *(.rodata*)
 .rodata.main.str1.4
                0x0000000008006e80       0x2d build/main.o
 *fill*         0x0000000008006ead        0x3 
 .rodata.AHBPrescTable
                0x0000000008006eb0       0x10 build/system_stm32f7xx.o
                0x0000000008006eb0                AHBPrescTable
 .rodata.APBPrescTable
                0x0000000008006ec0        0x8 build/system_stm32f7xx.o
                0x0000000008006ec0                APBPrescTable
 .rodata._global_impure_ptr
                0x0000000008006ec8        0x4 /usr/lib/gcc/arm-none-eabi/9.2.0/../../../../arm-none-eabi/lib/thumb/v7e-m+dp/hard/libc.a(lib_a-impure.o)
                0x0000000008006ec8                _global_impure_ptr
 .rodata._svfprintf_r.str1.4
                0x0000000008006ecc       0x42 /usr/lib/gcc/arm-none-eabi/9.2.0/../../../../arm-none-eabi/lib/thumb/v7e-m+dp/hard/libc.a(lib_a-svfprintf.o)
 *fill*         0x0000000008006f0e        0x2 
 .rodata.blanks.8708
                0x0000000008006f10       0x10 /usr/lib/gcc/arm-none-eabi/9.2.0/../../../../arm-none-eabi/lib/thumb/v7e-m+dp/hard/libc.a(lib_a-svfprintf.o)
 .rodata.zeroes.8709
                0x0000000008006f20       0x10 /usr/lib/gcc/arm-none-eabi/9.2.0/../../../../arm-none-eabi/lib/thumb/v7e-m+dp/hard/libc.a(lib_a-svfprintf.o)
 .rodata._dtoa_r.str1.4
                0x0000000008006f30        0xd /usr/lib/gcc/arm-none-eabi/9.2.0/../../../../arm-none-eabi/lib/thumb/v7e-m+dp/hard/libc.a(lib_a-dtoa.o)
                                         0x12 (size before relaxing)
 *fill*         0x0000000008006f3d        0x3 
 .rodata._setlocale_r.str1.4
                0x0000000008006f40        0xa /usr/lib/gcc/arm-none-eabi/9.2.0/../../../../arm-none-eabi/lib/thumb/v7e-m+dp/hard/libc.a(lib_a-locale.o)
                                          0xd (size before relaxing)
 *fill*         0x0000000008006f4a        0x2 
 .rodata.str1.4
                0x0000000008006f4c        0x2 /usr/lib/gcc/arm-none-eabi/9.2.0/../../../../arm-none-eabi/lib/thumb/v7e-m+dp/hard/libc.a(lib_a-locale.o)
 *fill*         0x0000000008006f4e        0x2 
 .rodata.__mprec_bigtens
                0x0000000008006f50       0x28 /usr/lib/gcc/arm-none-eabi/9.2.0/../../../../arm-none-eabi/lib/thumb/v7e-m+dp/hard/libc.a(lib_a-mprec.o)
                0x0000000008006f50                __mprec_bigtens
 .rodata.__mprec_tens
                0x0000000008006f78       0xc8 /usr/lib/gcc/arm-none-eabi/9.2.0/../../../../arm-none-eabi/lib/thumb/v7e-m+dp/hard/libc.a(lib_a-mprec.o)
                0x0000000008006f78                __mprec_tens
 .rodata.p05.7478
                0x0000000008007040        0xc /usr/lib/gcc/arm-none-eabi/9.2.0/../../../../arm-none-eabi/lib/thumb/v7e-m+dp/hard/libc.a(lib_a-mprec.o)
 .rodata._ctype_
                0x000000000800704c      0x101 /usr/lib/gcc/arm-none-eabi/9.2.0/../../../../arm-none-eabi/lib/thumb/v7e-m+dp/hard/libc.a(lib_a-ctype_.o)
                0x000000000800704c                _ctype_
                0x0000000008007150                . = ALIGN (0x4)
 *fill*         0x000000000800714d        0x3 

.ARM.extab
 *(.ARM.extab* .gnu.linkonce.armextab.*)

.ARM            0x0000000008007150        0x8
                0x0000000008007150                __exidx_start = .
 *(.ARM.exidx*)
 .ARM.exidx.text.__udivmoddi4
                0x0000000008007150        0x8 /usr/lib/gcc/arm-none-eabi/9.2.0/thumb/v7e-m+dp/hard/libgcc.a(_udivmoddi4.o)
                0x0000000008007158                __exidx_end = .

.rel.dyn        0x0000000008007158        0x0
 .rel.iplt      0x0000000008007158        0x0 /usr/lib/gcc/arm-none-eabi/9.2.0/thumb/v7e-m+dp/hard/crtbegin.o

.preinit_array  0x0000000008007158        0x0
                0x0000000008007158                PROVIDE (__preinit_array_start = .)
 *(.preinit_array*)
                0x0000000008007158                PROVIDE (__preinit_array_end = .)

.init_array     0x0000000008007158        0x8
                0x0000000008007158                PROVIDE (__init_array_start = .)
 *(SORT_BY_NAME(.init_array.*))
 .init_array.00000
                0x0000000008007158        0x4 /usr/lib/gcc/arm-none-eabi/9.2.0/../../../../arm-none-eabi/lib/thumb/v7e-m+dp/hard/libc.a(lib_a-__call_atexit.o)
 *(.init_array*)
 .init_array    0x000000000800715c        0x4 /usr/lib/gcc/arm-none-eabi/9.2.0/thumb/v7e-m+dp/hard/crtbegin.o
                0x0000000008007160                PROVIDE (__init_array_end = .)

.fini_array     0x0000000008007160        0x4
                0x0000000008007160                PROVIDE (__fini_array_start = .)
 *(SORT_BY_NAME(.fini_array.*))
 *(.fini_array*)
 .fini_array    0x0000000008007160        0x4 /usr/lib/gcc/arm-none-eabi/9.2.0/thumb/v7e-m+dp/hard/crtbegin.o
                0x0000000008007164                PROVIDE (__fini_array_end = .)
                0x0000000008007164                _sidata = LOADADDR (.data)

.data           0x0000000020000000      0x9f8 load address 0x0000000008007164
                0x0000000020000000                . = ALIGN (0x4)
                0x0000000020000000                _sdata = .
 *(.data)
 *(.data*)
 .data.uwTickFreq
                0x0000000020000000        0x1 build/stm32f7xx_hal.o
                0x0000000020000000                uwTickFreq
 *fill*         0x0000000020000001        0x3 
 .data.uwTickPrio
                0x0000000020000004        0x4 build/stm32f7xx_hal.o
                0x0000000020000004                uwTickPrio
 .data.a_TimerInstance6
                0x0000000020000008       0x40 build/main.o
                0x0000000020000008                a_TimerInstance6
 .data.SystemCoreClock
                0x0000000020000048        0x4 build/system_stm32f7xx.o
                0x0000000020000048                SystemCoreClock
 .data._impure_ptr
                0x000000002000004c        0x4 /usr/lib/gcc/arm-none-eabi/9.2.0/../../../../arm-none-eabi/lib/thumb/v7e-m+dp/hard/libc.a(lib_a-impure.o)
                0x000000002000004c                _impure_ptr
 .data.impure_data
                0x0000000020000050      0x428 /usr/lib/gcc/arm-none-eabi/9.2.0/../../../../arm-none-eabi/lib/thumb/v7e-m+dp/hard/libc.a(lib_a-impure.o)
 .data.__malloc_av_
                0x0000000020000478      0x408 /usr/lib/gcc/arm-none-eabi/9.2.0/../../../../arm-none-eabi/lib/thumb/v7e-m+dp/hard/libc.a(lib_a-mallocr.o)
                0x0000000020000478                __malloc_av_
 .data.__malloc_sbrk_base
                0x0000000020000880        0x4 /usr/lib/gcc/arm-none-eabi/9.2.0/../../../../arm-none-eabi/lib/thumb/v7e-m+dp/hard/libc.a(lib_a-mallocr.o)
                0x0000000020000880                __malloc_sbrk_base
 .data.__malloc_trim_threshold
                0x0000000020000884        0x4 /usr/lib/gcc/arm-none-eabi/9.2.0/../../../../arm-none-eabi/lib/thumb/v7e-m+dp/hard/libc.a(lib_a-mallocr.o)
                0x0000000020000884                __malloc_trim_threshold
 .data.__atexit_recursive_mutex
                0x0000000020000888        0x4 /usr/lib/gcc/arm-none-eabi/9.2.0/../../../../arm-none-eabi/lib/thumb/v7e-m+dp/hard/libc.a(lib_a-__call_atexit.o)
                0x0000000020000888                __atexit_recursive_mutex
 .data.__global_locale
                0x000000002000088c      0x16c /usr/lib/gcc/arm-none-eabi/9.2.0/../../../../arm-none-eabi/lib/thumb/v7e-m+dp/hard/libc.a(lib_a-locale.o)
                0x000000002000088c                __global_locale
                0x00000000200009f8                . = ALIGN (0x4)
                0x00000000200009f8                _edata = .

.igot.plt       0x00000000200009f8        0x0 load address 0x0000000008007b5c
 .igot.plt      0x00000000200009f8        0x0 /usr/lib/gcc/arm-none-eabi/9.2.0/thumb/v7e-m+dp/hard/crtbegin.o
                0x00000000200009f8                . = ALIGN (0x4)

.bss            0x00000000200009f8      0x690 load address 0x0000000008007b5c
                0x00000000200009f8                _sbss = .
                0x00000000200009f8                __bss_start__ = _sbss
 *(.bss)
 *(.bss*)
 .bss.completed.10254
                0x00000000200009f8        0x1 /usr/lib/gcc/arm-none-eabi/9.2.0/thumb/v7e-m+dp/hard/crtbegin.o
 *fill*         0x00000000200009f9        0x3 
 .bss.object.10259
                0x00000000200009fc       0x18 /usr/lib/gcc/arm-none-eabi/9.2.0/thumb/v7e-m+dp/hard/crtbegin.o
 .bss.print_q   0x0000000020000a14       0xe0 build/Eagle_TRT.o
                0x0000000020000a14                print_q
 .bss.__malloc_current_mallinfo
                0x0000000020000af4       0x28 /usr/lib/gcc/arm-none-eabi/9.2.0/../../../../arm-none-eabi/lib/thumb/v7e-m+dp/hard/libc.a(lib_a-mallocr.o)
                0x0000000020000af4                __malloc_current_mallinfo
 .bss.__malloc_max_sbrked_mem
                0x0000000020000b1c        0x4 /usr/lib/gcc/arm-none-eabi/9.2.0/../../../../arm-none-eabi/lib/thumb/v7e-m+dp/hard/libc.a(lib_a-mallocr.o)
                0x0000000020000b1c                __malloc_max_sbrked_mem
 .bss.__malloc_max_total_mem
                0x0000000020000b20        0x4 /usr/lib/gcc/arm-none-eabi/9.2.0/../../../../arm-none-eabi/lib/thumb/v7e-m+dp/hard/libc.a(lib_a-mallocr.o)
                0x0000000020000b20                __malloc_max_total_mem
 .bss.__malloc_top_pad
                0x0000000020000b24        0x4 /usr/lib/gcc/arm-none-eabi/9.2.0/../../../../arm-none-eabi/lib/thumb/v7e-m+dp/hard/libc.a(lib_a-mallocr.o)
                0x0000000020000b24                __malloc_top_pad
 .bss.heap_end.5507
                0x0000000020000b28        0x4 /usr/lib/gcc/arm-none-eabi/9.2.0/../../../../arm-none-eabi/lib/thumb/v7e-m+dp/hard/libnosys.a(sbrk.o)
 *(COMMON)
 COMMON         0x0000000020000b2c        0x4 build/stm32f7xx_hal.o
                0x0000000020000b2c                uwTick
 COMMON         0x0000000020000b30      0x420 build/Eagle_TRT.o
                0x0000000020000b30                pot_2
                0x0000000020000b48                pot_3
                0x0000000020000b60                enc
                0x0000000020000f38                pot_1
 COMMON         0x0000000020000f50      0x110 build/main.o
                0x0000000020000f50                huart3
                0x0000000020000fd0                encoder_counter
                0x0000000020000fd4                htim6
                0x0000000020001014                second_millis
                0x0000000020001018                steer_enc_prescaler
                0x000000002000101c                htim7
                0x000000002000105c                previous_millis
 COMMON         0x0000000020001060       0x21 /usr/lib/gcc/arm-none-eabi/9.2.0/../../../../arm-none-eabi/lib/thumb/v7e-m+dp/hard/libc.a(lib_a-lock.o)
                0x0000000020001060                __lock___atexit_recursive_mutex
                0x0000000020001064                __lock___arc4random_mutex
                0x0000000020001068                __lock___env_recursive_mutex
                0x000000002000106c                __lock___sinit_recursive_mutex
                0x0000000020001070                __lock___malloc_recursive_mutex
                0x0000000020001074                __lock___at_quick_exit_mutex
                0x0000000020001078                __lock___dd_hash_mutex
                0x000000002000107c                __lock___tz_mutex
                0x0000000020001080                __lock___sfp_recursive_mutex
 *fill*         0x0000000020001081        0x3 
 COMMON         0x0000000020001084        0x4 /usr/lib/gcc/arm-none-eabi/9.2.0/../../../../arm-none-eabi/lib/thumb/v7e-m+dp/hard/libc.a(lib_a-reent.o)
                0x0000000020001084                errno
                0x0000000020001088                . = ALIGN (0x4)
                0x0000000020001088                _ebss = .
                0x0000000020001088                __bss_end__ = _ebss

._user_heap_stack
                0x0000000020001088      0x600 load address 0x0000000008007b5c
                0x0000000020001088                . = ALIGN (0x8)
                0x0000000020001088                PROVIDE (end = .)
                [!provide]                        PROVIDE (_end = .)
                0x0000000020001288                . = (. + _Min_Heap_Size)
 *fill*         0x0000000020001088      0x200 
                0x0000000020001688                . = (. + _Min_Stack_Size)
 *fill*         0x0000000020001288      0x400 
                0x0000000020001688                . = ALIGN (0x8)

/DISCARD/
 libc.a(*)
 libm.a(*)
 libgcc.a(*)

.ARM.attributes
                0x0000000000000000       0x2e
 *(.ARM.attributes)
 .ARM.attributes
                0x0000000000000000       0x1e /usr/lib/gcc/arm-none-eabi/9.2.0/thumb/v7e-m+dp/hard/crti.o
 .ARM.attributes
                0x000000000000001e       0x32 /usr/lib/gcc/arm-none-eabi/9.2.0/thumb/v7e-m+dp/hard/crtbegin.o
 .ARM.attributes
                0x0000000000000050       0x32 build/stm32f7xx_hal.o
 .ARM.attributes
                0x0000000000000082       0x32 build/stm32f7xx_hal_cortex.o
 .ARM.attributes
                0x00000000000000b4       0x32 build/stm32f7xx_hal_gpio.o
 .ARM.attributes
                0x00000000000000e6       0x32 build/stm32f7xx_hal_pwr_ex.o
 .ARM.attributes
                0x0000000000000118       0x32 build/stm32f7xx_hal_rcc.o
 .ARM.attributes
                0x000000000000014a       0x32 build/stm32f7xx_hal_rcc_ex.o
 .ARM.attributes
                0x000000000000017c       0x32 build/stm32f7xx_hal_tim.o
 .ARM.attributes
                0x00000000000001ae       0x32 build/stm32f7xx_hal_tim_ex.o
 .ARM.attributes
                0x00000000000001e0       0x32 build/stm32f7xx_hal_uart.o
 .ARM.attributes
                0x0000000000000212       0x32 build/Eagle_TRT.o
 .ARM.attributes
                0x0000000000000244       0x32 build/main.o
 .ARM.attributes
                0x0000000000000276       0x32 build/stm32f7xx_hal_msp.o
 .ARM.attributes
                0x00000000000002a8       0x32 build/stm32f7xx_it.o
 .ARM.attributes
                0x00000000000002da       0x32 build/system_stm32f7xx.o
 .ARM.attributes
                0x000000000000030c       0x21 build/startup_stm32f767xx.o
 .ARM.attributes
                0x000000000000032d       0x32 /usr/lib/gcc/arm-none-eabi/9.2.0/../../../../arm-none-eabi/lib/thumb/v7e-m+dp/hard/libc.a(lib_a-atexit.o)
 .ARM.attributes
                0x000000000000035f       0x32 /usr/lib/gcc/arm-none-eabi/9.2.0/../../../../arm-none-eabi/lib/thumb/v7e-m+dp/hard/libc.a(lib_a-fini.o)
 .ARM.attributes
                0x0000000000000391       0x30 /usr/lib/gcc/arm-none-eabi/9.2.0/../../../../arm-none-eabi/lib/thumb/v7e-m+dp/hard/libc.a(lib_a-impure.o)
 .ARM.attributes
                0x00000000000003c1       0x32 /usr/lib/gcc/arm-none-eabi/9.2.0/../../../../arm-none-eabi/lib/thumb/v7e-m+dp/hard/libc.a(lib_a-init.o)
 .ARM.attributes
                0x00000000000003f3       0x32 /usr/lib/gcc/arm-none-eabi/9.2.0/../../../../arm-none-eabi/lib/thumb/v7e-m+dp/hard/libc.a(lib_a-malloc.o)
 .ARM.attributes
                0x0000000000000425       0x32 /usr/lib/gcc/arm-none-eabi/9.2.0/../../../../arm-none-eabi/lib/thumb/v7e-m+dp/hard/libc.a(lib_a-mallocr.o)
 .ARM.attributes
                0x0000000000000457       0x32 /usr/lib/gcc/arm-none-eabi/9.2.0/../../../../arm-none-eabi/lib/thumb/v7e-m+dp/hard/libc.a(lib_a-memset.o)
 .ARM.attributes
                0x0000000000000489       0x32 /usr/lib/gcc/arm-none-eabi/9.2.0/../../../../arm-none-eabi/lib/thumb/v7e-m+dp/hard/libc.a(lib_a-mlock.o)
 .ARM.attributes
                0x00000000000004bb       0x32 /usr/lib/gcc/arm-none-eabi/9.2.0/../../../../arm-none-eabi/lib/thumb/v7e-m+dp/hard/libc.a(lib_a-sbrkr.o)
 .ARM.attributes
                0x00000000000004ed       0x32 /usr/lib/gcc/arm-none-eabi/9.2.0/../../../../arm-none-eabi/lib/thumb/v7e-m+dp/hard/libc.a(lib_a-sprintf.o)
 .ARM.attributes
                0x000000000000051f       0x32 /usr/lib/gcc/arm-none-eabi/9.2.0/../../../../arm-none-eabi/lib/thumb/v7e-m+dp/hard/libc.a(lib_a-strcpy.o)
 .ARM.attributes
                0x0000000000000551       0x1c /usr/lib/gcc/arm-none-eabi/9.2.0/../../../../arm-none-eabi/lib/thumb/v7e-m+dp/hard/libc.a(lib_a-strlen.o)
 .ARM.attributes
                0x000000000000056d       0x32 /usr/lib/gcc/arm-none-eabi/9.2.0/../../../../arm-none-eabi/lib/thumb/v7e-m+dp/hard/libc.a(lib_a-svfprintf.o)
 .ARM.attributes
                0x000000000000059f       0x32 /usr/lib/gcc/arm-none-eabi/9.2.0/../../../../arm-none-eabi/lib/thumb/v7e-m+dp/hard/libc.a(lib_a-__atexit.o)
 .ARM.attributes
                0x00000000000005d1       0x32 /usr/lib/gcc/arm-none-eabi/9.2.0/../../../../arm-none-eabi/lib/thumb/v7e-m+dp/hard/libc.a(lib_a-__call_atexit.o)
 .ARM.attributes
                0x0000000000000603       0x32 /usr/lib/gcc/arm-none-eabi/9.2.0/../../../../arm-none-eabi/lib/thumb/v7e-m+dp/hard/libc.a(lib_a-dtoa.o)
 .ARM.attributes
                0x0000000000000635       0x32 /usr/lib/gcc/arm-none-eabi/9.2.0/../../../../arm-none-eabi/lib/thumb/v7e-m+dp/hard/libc.a(lib_a-freer.o)
 .ARM.attributes
                0x0000000000000667       0x32 /usr/lib/gcc/arm-none-eabi/9.2.0/../../../../arm-none-eabi/lib/thumb/v7e-m+dp/hard/libc.a(lib_a-localeconv.o)
 .ARM.attributes
                0x0000000000000699       0x32 /usr/lib/gcc/arm-none-eabi/9.2.0/../../../../arm-none-eabi/lib/thumb/v7e-m+dp/hard/libc.a(lib_a-locale.o)
 .ARM.attributes
                0x00000000000006cb       0x32 /usr/lib/gcc/arm-none-eabi/9.2.0/../../../../arm-none-eabi/lib/thumb/v7e-m+dp/hard/libc.a(lib_a-lock.o)
 .ARM.attributes
                0x00000000000006fd       0x32 /usr/lib/gcc/arm-none-eabi/9.2.0/../../../../arm-none-eabi/lib/thumb/v7e-m+dp/hard/libc.a(lib_a-mbtowc_r.o)
 .ARM.attributes
                0x000000000000072f       0x1c /usr/lib/gcc/arm-none-eabi/9.2.0/../../../../arm-none-eabi/lib/thumb/v7e-m+dp/hard/libc.a(lib_a-memchr.o)
 .ARM.attributes
                0x000000000000074b       0x1c /usr/lib/gcc/arm-none-eabi/9.2.0/../../../../arm-none-eabi/lib/thumb/v7e-m+dp/hard/libc.a(lib_a-memcpy.o)
 .ARM.attributes
                0x0000000000000767       0x32 /usr/lib/gcc/arm-none-eabi/9.2.0/../../../../arm-none-eabi/lib/thumb/v7e-m+dp/hard/libc.a(lib_a-mprec.o)
 .ARM.attributes
                0x0000000000000799       0x32 /usr/lib/gcc/arm-none-eabi/9.2.0/../../../../arm-none-eabi/lib/thumb/v7e-m+dp/hard/libc.a(lib_a-reent.o)
 .ARM.attributes
                0x00000000000007cb       0x32 /usr/lib/gcc/arm-none-eabi/9.2.0/../../../../arm-none-eabi/lib/thumb/v7e-m+dp/hard/libc.a(lib_a-s_frexp.o)
 .ARM.attributes
                0x00000000000007fd       0x32 /usr/lib/gcc/arm-none-eabi/9.2.0/../../../../arm-none-eabi/lib/thumb/v7e-m+dp/hard/libc.a(lib_a-strncpy.o)
 .ARM.attributes
                0x000000000000082f       0x32 /usr/lib/gcc/arm-none-eabi/9.2.0/../../../../arm-none-eabi/lib/thumb/v7e-m+dp/hard/libc.a(lib_a-svfiprintf.o)
 .ARM.attributes
                0x0000000000000861       0x32 /usr/lib/gcc/arm-none-eabi/9.2.0/../../../../arm-none-eabi/lib/thumb/v7e-m+dp/hard/libc.a(lib_a-wctomb_r.o)
 .ARM.attributes
                0x0000000000000893       0x32 /usr/lib/gcc/arm-none-eabi/9.2.0/../../../../arm-none-eabi/lib/thumb/v7e-m+dp/hard/libc.a(lib_a-callocr.o)
 .ARM.attributes
                0x00000000000008c5       0x30 /usr/lib/gcc/arm-none-eabi/9.2.0/../../../../arm-none-eabi/lib/thumb/v7e-m+dp/hard/libc.a(lib_a-ctype_.o)
 .ARM.attributes
                0x00000000000008f5       0x32 /usr/lib/gcc/arm-none-eabi/9.2.0/../../../../arm-none-eabi/lib/thumb/v7e-m+dp/hard/libc.a(lib_a-memmove.o)
 .ARM.attributes
                0x0000000000000927       0x32 /usr/lib/gcc/arm-none-eabi/9.2.0/../../../../arm-none-eabi/lib/thumb/v7e-m+dp/hard/libc.a(lib_a-reallocr.o)
 .ARM.attributes
                0x0000000000000959       0x32 /usr/lib/gcc/arm-none-eabi/9.2.0/../../../../arm-none-eabi/lib/thumb/v7e-m+dp/hard/libnosys.a(sbrk.o)
 .ARM.attributes
                0x000000000000098b       0x1e /usr/lib/gcc/arm-none-eabi/9.2.0/thumb/v7e-m+dp/hard/libgcc.a(_aeabi_uldivmod.o)
 .ARM.attributes
                0x00000000000009a9       0x32 /usr/lib/gcc/arm-none-eabi/9.2.0/thumb/v7e-m+dp/hard/libgcc.a(_udivmoddi4.o)
 .ARM.attributes
                0x00000000000009db       0x1e /usr/lib/gcc/arm-none-eabi/9.2.0/thumb/v7e-m+dp/hard/libgcc.a(_dvmd_tls.o)
 .ARM.attributes
                0x00000000000009f9       0x1e /usr/lib/gcc/arm-none-eabi/9.2.0/thumb/v7e-m+dp/hard/crtn.o
OUTPUT(build/SteeringWheelEncoder.elf elf32-littlearm)
LOAD linker stubs
LOAD /usr/lib/gcc/arm-none-eabi/9.2.0/../../../../arm-none-eabi/lib/thumb/v7e-m+dp/hard/libc.a
LOAD /usr/lib/gcc/arm-none-eabi/9.2.0/../../../../arm-none-eabi/lib/thumb/v7e-m+dp/hard/libm.a
LOAD /usr/lib/gcc/arm-none-eabi/9.2.0/thumb/v7e-m+dp/hard/libgcc.a

.debug_info     0x0000000000000000    0x137c6
 .debug_info    0x0000000000000000      0xc7b build/stm32f7xx_hal.o
 .debug_info    0x0000000000000c7b     0x14fc build/stm32f7xx_hal_cortex.o
 .debug_info    0x0000000000002177      0x958 build/stm32f7xx_hal_gpio.o
 .debug_info    0x0000000000002acf      0xbfd build/stm32f7xx_hal_pwr_ex.o
 .debug_info    0x00000000000036cc      0xd75 build/stm32f7xx_hal_rcc.o
 .debug_info    0x0000000000004441      0xa69 build/stm32f7xx_hal_rcc_ex.o
 .debug_info    0x0000000000004eaa     0x3b4b build/stm32f7xx_hal_tim.o
 .debug_info    0x00000000000089f5     0x1aa0 build/stm32f7xx_hal_tim_ex.o
 .debug_info    0x000000000000a495     0x220a build/stm32f7xx_hal_uart.o
 .debug_info    0x000000000000c69f     0x234b build/Eagle_TRT.o
 .debug_info    0x000000000000e9ea     0x288a build/main.o
 .debug_info    0x0000000000011274     0x13c5 build/stm32f7xx_hal_msp.o
 .debug_info    0x0000000000012639      0x8df build/stm32f7xx_it.o
 .debug_info    0x0000000000012f18      0x88c build/system_stm32f7xx.o
 .debug_info    0x00000000000137a4       0x22 build/startup_stm32f767xx.o

.debug_abbrev   0x0000000000000000     0x2423
 .debug_abbrev  0x0000000000000000      0x21c build/stm32f7xx_hal.o
 .debug_abbrev  0x000000000000021c      0x3a8 build/stm32f7xx_hal_cortex.o
 .debug_abbrev  0x00000000000005c4      0x258 build/stm32f7xx_hal_gpio.o
 .debug_abbrev  0x000000000000081c      0x1de build/stm32f7xx_hal_pwr_ex.o
 .debug_abbrev  0x00000000000009fa      0x2f5 build/stm32f7xx_hal_rcc.o
 .debug_abbrev  0x0000000000000cef      0x203 build/stm32f7xx_hal_rcc_ex.o
 .debug_abbrev  0x0000000000000ef2      0x2af build/stm32f7xx_hal_tim.o
 .debug_abbrev  0x00000000000011a1      0x2ab build/stm32f7xx_hal_tim_ex.o
 .debug_abbrev  0x000000000000144c      0x2ac build/stm32f7xx_hal_uart.o
 .debug_abbrev  0x00000000000016f8      0x458 build/Eagle_TRT.o
 .debug_abbrev  0x0000000000001b50      0x3c2 build/main.o
 .debug_abbrev  0x0000000000001f12      0x1fc build/stm32f7xx_hal_msp.o
 .debug_abbrev  0x000000000000210e      0x1aa build/stm32f7xx_it.o
 .debug_abbrev  0x00000000000022b8      0x159 build/system_stm32f7xx.o
 .debug_abbrev  0x0000000000002411       0x12 build/startup_stm32f767xx.o

.debug_loc      0x0000000000000000     0xba6f
 .debug_loc     0x0000000000000000      0x1e1 build/stm32f7xx_hal.o
 .debug_loc     0x00000000000001e1      0x7c4 build/stm32f7xx_hal_cortex.o
 .debug_loc     0x00000000000009a5      0x5d4 build/stm32f7xx_hal_gpio.o
 .debug_loc     0x0000000000000f79      0x3ca build/stm32f7xx_hal_pwr_ex.o
 .debug_loc     0x0000000000001343      0x80c build/stm32f7xx_hal_rcc.o
 .debug_loc     0x0000000000001b4f      0x94c build/stm32f7xx_hal_rcc_ex.o
 .debug_loc     0x000000000000249b     0x48a7 build/stm32f7xx_hal_tim.o
 .debug_loc     0x0000000000006d42     0x1c1f build/stm32f7xx_hal_tim_ex.o
 .debug_loc     0x0000000000008961     0x20d7 build/stm32f7xx_hal_uart.o
 .debug_loc     0x000000000000aa38      0x9b0 build/Eagle_TRT.o
 .debug_loc     0x000000000000b3e8      0x259 build/main.o
 .debug_loc     0x000000000000b641      0x236 build/stm32f7xx_hal_msp.o
 .debug_loc     0x000000000000b877       0x60 build/stm32f7xx_it.o
 .debug_loc     0x000000000000b8d7      0x198 build/system_stm32f7xx.o

.debug_aranges  0x0000000000000000      0xcb8
 .debug_aranges
                0x0000000000000000      0x110 build/stm32f7xx_hal.o
 .debug_aranges
                0x0000000000000110       0xa8 build/stm32f7xx_hal_cortex.o
 .debug_aranges
                0x00000000000001b8       0x58 build/stm32f7xx_hal_gpio.o
 .debug_aranges
                0x0000000000000210       0x80 build/stm32f7xx_hal_pwr_ex.o
 .debug_aranges
                0x0000000000000290       0x88 build/stm32f7xx_hal_rcc.o
 .debug_aranges
                0x0000000000000318       0x50 build/stm32f7xx_hal_rcc_ex.o
 .debug_aranges
                0x0000000000000368      0x3b8 build/stm32f7xx_hal_tim.o
 .debug_aranges
                0x0000000000000720      0x168 build/stm32f7xx_hal_tim_ex.o
 .debug_aranges
                0x0000000000000888      0x218 build/stm32f7xx_hal_uart.o
 .debug_aranges
                0x0000000000000aa0       0xb8 build/Eagle_TRT.o
 .debug_aranges
                0x0000000000000b58       0x60 build/main.o
 .debug_aranges
                0x0000000000000bb8       0x40 build/stm32f7xx_hal_msp.o
 .debug_aranges
                0x0000000000000bf8       0x70 build/stm32f7xx_it.o
 .debug_aranges
                0x0000000000000c68       0x28 build/system_stm32f7xx.o
 .debug_aranges
                0x0000000000000c90       0x28 build/startup_stm32f767xx.o

.debug_ranges   0x0000000000000000      0xcc0
 .debug_ranges  0x0000000000000000      0x100 build/stm32f7xx_hal.o
 .debug_ranges  0x0000000000000100       0xf8 build/stm32f7xx_hal_cortex.o
 .debug_ranges  0x00000000000001f8       0x48 build/stm32f7xx_hal_gpio.o
 .debug_ranges  0x0000000000000240       0x70 build/stm32f7xx_hal_pwr_ex.o
 .debug_ranges  0x00000000000002b0       0x78 build/stm32f7xx_hal_rcc.o
 .debug_ranges  0x0000000000000328       0x40 build/stm32f7xx_hal_rcc_ex.o
 .debug_ranges  0x0000000000000368      0x3a8 build/stm32f7xx_hal_tim.o
 .debug_ranges  0x0000000000000710      0x158 build/stm32f7xx_hal_tim_ex.o
 .debug_ranges  0x0000000000000868      0x208 build/stm32f7xx_hal_uart.o
 .debug_ranges  0x0000000000000a70      0x138 build/Eagle_TRT.o
 .debug_ranges  0x0000000000000ba8       0x50 build/main.o
 .debug_ranges  0x0000000000000bf8       0x30 build/stm32f7xx_hal_msp.o
 .debug_ranges  0x0000000000000c28       0x60 build/stm32f7xx_it.o
 .debug_ranges  0x0000000000000c88       0x18 build/system_stm32f7xx.o
 .debug_ranges  0x0000000000000ca0       0x20 build/startup_stm32f767xx.o

.debug_line     0x0000000000000000     0xba6a
 .debug_line    0x0000000000000000      0x563 build/stm32f7xx_hal.o
 .debug_line    0x0000000000000563      0x745 build/stm32f7xx_hal_cortex.o
 .debug_line    0x0000000000000ca8      0x6d0 build/stm32f7xx_hal_gpio.o
 .debug_line    0x0000000000001378      0x513 build/stm32f7xx_hal_pwr_ex.o
 .debug_line    0x000000000000188b      0xc98 build/stm32f7xx_hal_rcc.o
 .debug_line    0x0000000000002523      0xbeb build/stm32f7xx_hal_rcc_ex.o
 .debug_line    0x000000000000310e     0x37a2 build/stm32f7xx_hal_tim.o
 .debug_line    0x00000000000068b0     0x13b4 build/stm32f7xx_hal_tim_ex.o
 .debug_line    0x0000000000007c64     0x2158 build/stm32f7xx_hal_uart.o
 .debug_line    0x0000000000009dbc      0xbd5 build/Eagle_TRT.o
 .debug_line    0x000000000000a991      0x840 build/main.o
 .debug_line    0x000000000000b1d1      0x31b build/stm32f7xx_hal_msp.o
 .debug_line    0x000000000000b4ec      0x2af build/stm32f7xx_it.o
 .debug_line    0x000000000000b79b      0x25b build/system_stm32f7xx.o
 .debug_line    0x000000000000b9f6       0x74 build/startup_stm32f767xx.o

.debug_str      0x0000000000000000     0x48c4
 .debug_str     0x0000000000000000      0xce6 build/stm32f7xx_hal.o
                                        0xd4a (size before relaxing)
 .debug_str     0x0000000000000ce6      0x562 build/stm32f7xx_hal_cortex.o
                                        0xed1 (size before relaxing)
 .debug_str     0x0000000000001248      0x1aa build/stm32f7xx_hal_gpio.o
                                        0x595 (size before relaxing)
 .debug_str     0x00000000000013f2      0x20b build/stm32f7xx_hal_pwr_ex.o
                                        0x6e4 (size before relaxing)
 .debug_str     0x00000000000015fd      0x314 build/stm32f7xx_hal_rcc.o
                                        0x787 (size before relaxing)
 .debug_str     0x0000000000001911      0x3f8 build/stm32f7xx_hal_rcc_ex.o
                                        0x7d1 (size before relaxing)
 .debug_str     0x0000000000001d09     0x12b8 build/stm32f7xx_hal_tim.o
                                       0x15d4 (size before relaxing)
 .debug_str     0x0000000000002fc1      0x641 build/stm32f7xx_hal_tim_ex.o
                                        0xee6 (size before relaxing)
 .debug_str     0x0000000000003602      0x91e build/stm32f7xx_hal_uart.o
                                        0xfeb (size before relaxing)
 .debug_str     0x0000000000003f20      0x6e3 build/Eagle_TRT.o
                                       0x10b8 (size before relaxing)
 .debug_str     0x0000000000004603      0x174 build/main.o
                                       0x16ff (size before relaxing)
 .debug_str     0x0000000000004777       0x22 build/stm32f7xx_hal_msp.o
                                       0x112f (size before relaxing)
 .debug_str     0x0000000000004799       0xc7 build/stm32f7xx_it.o
                                        0x78c (size before relaxing)
 .debug_str     0x0000000000004860       0x42 build/system_stm32f7xx.o
                                        0x4c2 (size before relaxing)
 .debug_str     0x00000000000048a2       0x22 build/startup_stm32f767xx.o
                                         0x48 (size before relaxing)

.comment        0x0000000000000000       0x1d
 .comment       0x0000000000000000       0x1d build/stm32f7xx_hal.o
                                         0x1e (size before relaxing)
 .comment       0x000000000000001d       0x1e build/stm32f7xx_hal_cortex.o
 .comment       0x000000000000001d       0x1e build/stm32f7xx_hal_gpio.o
 .comment       0x000000000000001d       0x1e build/stm32f7xx_hal_pwr_ex.o
 .comment       0x000000000000001d       0x1e build/stm32f7xx_hal_rcc.o
 .comment       0x000000000000001d       0x1e build/stm32f7xx_hal_rcc_ex.o
 .comment       0x000000000000001d       0x1e build/stm32f7xx_hal_tim.o
 .comment       0x000000000000001d       0x1e build/stm32f7xx_hal_tim_ex.o
 .comment       0x000000000000001d       0x1e build/stm32f7xx_hal_uart.o
 .comment       0x000000000000001d       0x1e build/Eagle_TRT.o
 .comment       0x000000000000001d       0x1e build/main.o
 .comment       0x000000000000001d       0x1e build/stm32f7xx_hal_msp.o
 .comment       0x000000000000001d       0x1e build/stm32f7xx_it.o
 .comment       0x000000000000001d       0x1e build/system_stm32f7xx.o

.debug_frame    0x0000000000000000     0x2c6c
 .debug_frame   0x0000000000000000      0x22c build/stm32f7xx_hal.o
 .debug_frame   0x000000000000022c      0x15c build/stm32f7xx_hal_cortex.o
 .debug_frame   0x0000000000000388       0xd8 build/stm32f7xx_hal_gpio.o
 .debug_frame   0x0000000000000460      0x134 build/stm32f7xx_hal_pwr_ex.o
 .debug_frame   0x0000000000000594      0x180 build/stm32f7xx_hal_rcc.o
 .debug_frame   0x0000000000000714       0xcc build/stm32f7xx_hal_rcc_ex.o
 .debug_frame   0x00000000000007e0      0xae4 build/stm32f7xx_hal_tim.o
 .debug_frame   0x00000000000012c4      0x418 build/stm32f7xx_hal_tim_ex.o
 .debug_frame   0x00000000000016dc      0x5d4 build/stm32f7xx_hal_uart.o
 .debug_frame   0x0000000000001cb0      0x1fc build/Eagle_TRT.o
 .debug_frame   0x0000000000001eac      0x118 build/main.o
 .debug_frame   0x0000000000001fc4       0x98 build/stm32f7xx_hal_msp.o
 .debug_frame   0x000000000000205c       0xd8 build/stm32f7xx_it.o
 .debug_frame   0x0000000000002134       0x3c build/system_stm32f7xx.o
 .debug_frame   0x0000000000002170       0x20 /usr/lib/gcc/arm-none-eabi/9.2.0/../../../../arm-none-eabi/lib/thumb/v7e-m+dp/hard/libc.a(lib_a-atexit.o)
 .debug_frame   0x0000000000002190       0x34 /usr/lib/gcc/arm-none-eabi/9.2.0/../../../../arm-none-eabi/lib/thumb/v7e-m+dp/hard/libc.a(lib_a-fini.o)
 .debug_frame   0x00000000000021c4       0x2c /usr/lib/gcc/arm-none-eabi/9.2.0/../../../../arm-none-eabi/lib/thumb/v7e-m+dp/hard/libc.a(lib_a-init.o)
 .debug_frame   0x00000000000021f0       0x30 /usr/lib/gcc/arm-none-eabi/9.2.0/../../../../arm-none-eabi/lib/thumb/v7e-m+dp/hard/libc.a(lib_a-malloc.o)
 .debug_frame   0x0000000000002220       0x4c /usr/lib/gcc/arm-none-eabi/9.2.0/../../../../arm-none-eabi/lib/thumb/v7e-m+dp/hard/libc.a(lib_a-mallocr.o)
 .debug_frame   0x000000000000226c       0x38 /usr/lib/gcc/arm-none-eabi/9.2.0/../../../../arm-none-eabi/lib/thumb/v7e-m+dp/hard/libc.a(lib_a-memset.o)
 .debug_frame   0x00000000000022a4       0x30 /usr/lib/gcc/arm-none-eabi/9.2.0/../../../../arm-none-eabi/lib/thumb/v7e-m+dp/hard/libc.a(lib_a-mlock.o)
 .debug_frame   0x00000000000022d4       0x2c /usr/lib/gcc/arm-none-eabi/9.2.0/../../../../arm-none-eabi/lib/thumb/v7e-m+dp/hard/libc.a(lib_a-sbrkr.o)
 .debug_frame   0x0000000000002300       0x7c /usr/lib/gcc/arm-none-eabi/9.2.0/../../../../arm-none-eabi/lib/thumb/v7e-m+dp/hard/libc.a(lib_a-sprintf.o)
 .debug_frame   0x000000000000237c       0x20 /usr/lib/gcc/arm-none-eabi/9.2.0/../../../../arm-none-eabi/lib/thumb/v7e-m+dp/hard/libc.a(lib_a-strcpy.o)
 .debug_frame   0x000000000000239c       0x68 /usr/lib/gcc/arm-none-eabi/9.2.0/../../../../arm-none-eabi/lib/thumb/v7e-m+dp/hard/libc.a(lib_a-svfprintf.o)
 .debug_frame   0x0000000000002404       0x34 /usr/lib/gcc/arm-none-eabi/9.2.0/../../../../arm-none-eabi/lib/thumb/v7e-m+dp/hard/libc.a(lib_a-__atexit.o)
 .debug_frame   0x0000000000002438       0x68 /usr/lib/gcc/arm-none-eabi/9.2.0/../../../../arm-none-eabi/lib/thumb/v7e-m+dp/hard/libc.a(lib_a-__call_atexit.o)
 .debug_frame   0x00000000000024a0       0x88 /usr/lib/gcc/arm-none-eabi/9.2.0/../../../../arm-none-eabi/lib/thumb/v7e-m+dp/hard/libc.a(lib_a-dtoa.o)
 .debug_frame   0x0000000000002528       0x8c /usr/lib/gcc/arm-none-eabi/9.2.0/../../../../arm-none-eabi/lib/thumb/v7e-m+dp/hard/libc.a(lib_a-freer.o)
 .debug_frame   0x00000000000025b4       0x40 /usr/lib/gcc/arm-none-eabi/9.2.0/../../../../arm-none-eabi/lib/thumb/v7e-m+dp/hard/libc.a(lib_a-localeconv.o)
 .debug_frame   0x00000000000025f4       0x54 /usr/lib/gcc/arm-none-eabi/9.2.0/../../../../arm-none-eabi/lib/thumb/v7e-m+dp/hard/libc.a(lib_a-locale.o)
 .debug_frame   0x0000000000002648       0xb0 /usr/lib/gcc/arm-none-eabi/9.2.0/../../../../arm-none-eabi/lib/thumb/v7e-m+dp/hard/libc.a(lib_a-lock.o)
 .debug_frame   0x00000000000026f8       0x4c /usr/lib/gcc/arm-none-eabi/9.2.0/../../../../arm-none-eabi/lib/thumb/v7e-m+dp/hard/libc.a(lib_a-mbtowc_r.o)
 .debug_frame   0x0000000000002744      0x264 /usr/lib/gcc/arm-none-eabi/9.2.0/../../../../arm-none-eabi/lib/thumb/v7e-m+dp/hard/libc.a(lib_a-mprec.o)
 .debug_frame   0x00000000000029a8       0x60 /usr/lib/gcc/arm-none-eabi/9.2.0/../../../../arm-none-eabi/lib/thumb/v7e-m+dp/hard/libc.a(lib_a-reent.o)
 .debug_frame   0x0000000000002a08       0x34 /usr/lib/gcc/arm-none-eabi/9.2.0/../../../../arm-none-eabi/lib/thumb/v7e-m+dp/hard/libc.a(lib_a-s_frexp.o)
 .debug_frame   0x0000000000002a3c       0x38 /usr/lib/gcc/arm-none-eabi/9.2.0/../../../../arm-none-eabi/lib/thumb/v7e-m+dp/hard/libc.a(lib_a-strncpy.o)
 .debug_frame   0x0000000000002a74       0x88 /usr/lib/gcc/arm-none-eabi/9.2.0/../../../../arm-none-eabi/lib/thumb/v7e-m+dp/hard/libc.a(lib_a-svfiprintf.o)
 .debug_frame   0x0000000000002afc       0x3c /usr/lib/gcc/arm-none-eabi/9.2.0/../../../../arm-none-eabi/lib/thumb/v7e-m+dp/hard/libc.a(lib_a-wctomb_r.o)
 .debug_frame   0x0000000000002b38       0x28 /usr/lib/gcc/arm-none-eabi/9.2.0/../../../../arm-none-eabi/lib/thumb/v7e-m+dp/hard/libc.a(lib_a-callocr.o)
 .debug_frame   0x0000000000002b60       0x40 /usr/lib/gcc/arm-none-eabi/9.2.0/../../../../arm-none-eabi/lib/thumb/v7e-m+dp/hard/libc.a(lib_a-memmove.o)
 .debug_frame   0x0000000000002ba0       0x48 /usr/lib/gcc/arm-none-eabi/9.2.0/../../../../arm-none-eabi/lib/thumb/v7e-m+dp/hard/libc.a(lib_a-reallocr.o)
 .debug_frame   0x0000000000002be8       0x20 /usr/lib/gcc/arm-none-eabi/9.2.0/../../../../arm-none-eabi/lib/thumb/v7e-m+dp/hard/libnosys.a(sbrk.o)
 .debug_frame   0x0000000000002c08       0x2c /usr/lib/gcc/arm-none-eabi/9.2.0/thumb/v7e-m+dp/hard/libgcc.a(_aeabi_uldivmod.o)
 .debug_frame   0x0000000000002c34       0x38 /usr/lib/gcc/arm-none-eabi/9.2.0/thumb/v7e-m+dp/hard/libgcc.a(_udivmoddi4.o)

Cross Reference Table

Symbol                                            File
ADC_IRQHandler                                    build/startup_stm32f767xx.o
AHBPrescTable                                     build/system_stm32f7xx.o
                                                  build/stm32f7xx_hal_rcc.o
APBPrescTable                                     build/system_stm32f7xx.o
                                                  build/stm32f7xx_hal_rcc.o
BusFault_Handler                                  build/stm32f7xx_it.o
CAN1_RX0_IRQHandler                               build/startup_stm32f767xx.o
CAN1_RX1_IRQHandler                               build/startup_stm32f767xx.o
CAN1_SCE_IRQHandler                               build/startup_stm32f767xx.o
CAN1_TX_IRQHandler                                build/startup_stm32f767xx.o
CAN2_RX0_IRQHandler                               build/startup_stm32f767xx.o
CAN2_RX1_IRQHandler                               build/startup_stm32f767xx.o
CAN2_SCE_IRQHandler                               build/startup_stm32f767xx.o
CAN2_TX_IRQHandler                                build/startup_stm32f767xx.o
CAN3_RX0_IRQHandler                               build/startup_stm32f767xx.o
CAN3_RX1_IRQHandler                               build/startup_stm32f767xx.o
CAN3_SCE_IRQHandler                               build/startup_stm32f767xx.o
CAN3_TX_IRQHandler                                build/startup_stm32f767xx.o
CEC_IRQHandler                                    build/startup_stm32f767xx.o
DCMI_IRQHandler                                   build/startup_stm32f767xx.o
DFSDM1_FLT0_IRQHandler                            build/startup_stm32f767xx.o
DFSDM1_FLT1_IRQHandler                            build/startup_stm32f767xx.o
DFSDM1_FLT2_IRQHandler                            build/startup_stm32f767xx.o
DFSDM1_FLT3_IRQHandler                            build/startup_stm32f767xx.o
DMA1_Stream0_IRQHandler                           build/startup_stm32f767xx.o
DMA1_Stream1_IRQHandler                           build/startup_stm32f767xx.o
DMA1_Stream2_IRQHandler                           build/startup_stm32f767xx.o
DMA1_Stream3_IRQHandler                           build/startup_stm32f767xx.o
DMA1_Stream4_IRQHandler                           build/startup_stm32f767xx.o
DMA1_Stream5_IRQHandler                           build/startup_stm32f767xx.o
DMA1_Stream6_IRQHandler                           build/startup_stm32f767xx.o
DMA1_Stream7_IRQHandler                           build/startup_stm32f767xx.o
DMA2D_IRQHandler                                  build/startup_stm32f767xx.o
DMA2_Stream0_IRQHandler                           build/startup_stm32f767xx.o
DMA2_Stream1_IRQHandler                           build/startup_stm32f767xx.o
DMA2_Stream2_IRQHandler                           build/startup_stm32f767xx.o
DMA2_Stream3_IRQHandler                           build/startup_stm32f767xx.o
DMA2_Stream4_IRQHandler                           build/startup_stm32f767xx.o
DMA2_Stream5_IRQHandler                           build/startup_stm32f767xx.o
DMA2_Stream6_IRQHandler                           build/startup_stm32f767xx.o
DMA2_Stream7_IRQHandler                           build/startup_stm32f767xx.o
DebugMon_Handler                                  build/stm32f7xx_it.o
Default_Handler                                   build/startup_stm32f767xx.o
ETH_IRQHandler                                    build/startup_stm32f767xx.o
ETH_WKUP_IRQHandler                               build/startup_stm32f767xx.o
EXTI0_IRQHandler                                  build/startup_stm32f767xx.o
EXTI15_10_IRQHandler                              build/startup_stm32f767xx.o
EXTI1_IRQHandler                                  build/startup_stm32f767xx.o
EXTI2_IRQHandler                                  build/startup_stm32f767xx.o
EXTI3_IRQHandler                                  build/startup_stm32f767xx.o
EXTI4_IRQHandler                                  build/startup_stm32f767xx.o
EXTI9_5_IRQHandler                                build/startup_stm32f767xx.o
Error_Handler                                     build/main.o
FLASH_Erase_Sector                                build/stm32f7xx_hal_flash_ex.o
                                                  build/stm32f7xx_hal_flash.o
FLASH_IRQHandler                                  build/startup_stm32f767xx.o
FLASH_WaitForLastOperation                        build/stm32f7xx_hal_flash.o
                                                  build/stm32f7xx_hal_flash_ex.o
FMC_IRQHandler                                    build/startup_stm32f767xx.o
FPU_IRQHandler                                    build/startup_stm32f767xx.o
HAL_DBGMCU_DisableDBGSleepMode                    build/stm32f7xx_hal.o
HAL_DBGMCU_DisableDBGStandbyMode                  build/stm32f7xx_hal.o
HAL_DBGMCU_DisableDBGStopMode                     build/stm32f7xx_hal.o
HAL_DBGMCU_EnableDBGSleepMode                     build/stm32f7xx_hal.o
HAL_DBGMCU_EnableDBGStandbyMode                   build/stm32f7xx_hal.o
HAL_DBGMCU_EnableDBGStopMode                      build/stm32f7xx_hal.o
HAL_DMAEx_ChangeMemory                            build/stm32f7xx_hal_dma_ex.o
HAL_DMAEx_MultiBufferStart                        build/stm32f7xx_hal_dma_ex.o
HAL_DMAEx_MultiBufferStart_IT                     build/stm32f7xx_hal_dma_ex.o
HAL_DMA_Abort                                     build/stm32f7xx_hal_dma.o
                                                  build/stm32f7xx_hal_uart.o
HAL_DMA_Abort_IT                                  build/stm32f7xx_hal_dma.o
                                                  build/stm32f7xx_hal_uart.o
                                                  build/stm32f7xx_hal_tim_ex.o
                                                  build/stm32f7xx_hal_tim.o
                                                  build/stm32f7xx_hal_i2c.o
HAL_DMA_DeInit                                    build/stm32f7xx_hal_dma.o
HAL_DMA_GetError                                  build/stm32f7xx_hal_dma.o
                                                  build/stm32f7xx_hal_uart.o
                                                  build/stm32f7xx_hal_i2c.o
HAL_DMA_GetState                                  build/stm32f7xx_hal_dma.o
HAL_DMA_IRQHandler                                build/stm32f7xx_hal_dma.o
HAL_DMA_Init                                      build/stm32f7xx_hal_dma.o
HAL_DMA_PollForTransfer                           build/stm32f7xx_hal_dma.o
HAL_DMA_RegisterCallback                          build/stm32f7xx_hal_dma.o
HAL_DMA_Start                                     build/stm32f7xx_hal_dma.o
HAL_DMA_Start_IT                                  build/stm32f7xx_hal_dma.o
                                                  build/stm32f7xx_hal_uart.o
                                                  build/stm32f7xx_hal_tim_ex.o
                                                  build/stm32f7xx_hal_tim.o
                                                  build/stm32f7xx_hal_i2c.o
HAL_DMA_UnRegisterCallback                        build/stm32f7xx_hal_dma.o
HAL_DeInit                                        build/stm32f7xx_hal.o
HAL_Delay                                         build/stm32f7xx_hal.o
HAL_DisableCompensationCell                       build/stm32f7xx_hal.o
HAL_DisableFMCMemorySwapping                      build/stm32f7xx_hal.o
HAL_DisableMemorySwappingBank                     build/stm32f7xx_hal.o
HAL_EXTI_ClearConfigLine                          build/stm32f7xx_hal_exti.o
HAL_EXTI_ClearPending                             build/stm32f7xx_hal_exti.o
HAL_EXTI_GenerateSWI                              build/stm32f7xx_hal_exti.o
HAL_EXTI_GetConfigLine                            build/stm32f7xx_hal_exti.o
HAL_EXTI_GetHandle                                build/stm32f7xx_hal_exti.o
HAL_EXTI_GetPending                               build/stm32f7xx_hal_exti.o
HAL_EXTI_IRQHandler                               build/stm32f7xx_hal_exti.o
HAL_EXTI_RegisterCallback                         build/stm32f7xx_hal_exti.o
HAL_EXTI_SetConfigLine                            build/stm32f7xx_hal_exti.o
HAL_EnableCompensationCell                        build/stm32f7xx_hal.o
HAL_EnableFMCMemorySwapping                       build/stm32f7xx_hal.o
HAL_EnableMemorySwappingBank                      build/stm32f7xx_hal.o
HAL_FLASHEx_Erase                                 build/stm32f7xx_hal_flash_ex.o
HAL_FLASHEx_Erase_IT                              build/stm32f7xx_hal_flash_ex.o
HAL_FLASHEx_OBGetConfig                           build/stm32f7xx_hal_flash_ex.o
HAL_FLASHEx_OBProgram                             build/stm32f7xx_hal_flash_ex.o
HAL_FLASH_EndOfOperationCallback                  build/stm32f7xx_hal_flash.o
HAL_FLASH_GetError                                build/stm32f7xx_hal_flash.o
HAL_FLASH_IRQHandler                              build/stm32f7xx_hal_flash.o
HAL_FLASH_Lock                                    build/stm32f7xx_hal_flash.o
HAL_FLASH_OB_Launch                               build/stm32f7xx_hal_flash.o
HAL_FLASH_OB_Lock                                 build/stm32f7xx_hal_flash.o
HAL_FLASH_OB_Unlock                               build/stm32f7xx_hal_flash.o
HAL_FLASH_OperationErrorCallback                  build/stm32f7xx_hal_flash.o
HAL_FLASH_Program                                 build/stm32f7xx_hal_flash.o
HAL_FLASH_Program_IT                              build/stm32f7xx_hal_flash.o
HAL_FLASH_Unlock                                  build/stm32f7xx_hal_flash.o
HAL_GPIO_DeInit                                   build/stm32f7xx_hal_gpio.o
                                                  build/stm32f7xx_hal_msp.o
HAL_GPIO_EXTI_Callback                            build/stm32f7xx_hal_gpio.o
HAL_GPIO_EXTI_IRQHandler                          build/stm32f7xx_hal_gpio.o
HAL_GPIO_Init                                     build/stm32f7xx_hal_gpio.o
                                                  build/stm32f7xx_hal_msp.o
                                                  build/main.o
                                                  build/stm32f7xx_hal_rcc.o
HAL_GPIO_LockPin                                  build/stm32f7xx_hal_gpio.o
HAL_GPIO_ReadPin                                  build/stm32f7xx_hal_gpio.o
                                                  build/main.o
                                                  build/Eagle_TRT.o
HAL_GPIO_TogglePin                                build/stm32f7xx_hal_gpio.o
HAL_GPIO_WritePin                                 build/stm32f7xx_hal_gpio.o
                                                  build/main.o
                                                  build/Eagle_TRT.o
HAL_GetDEVID                                      build/stm32f7xx_hal.o
HAL_GetHalVersion                                 build/stm32f7xx_hal.o
HAL_GetREVID                                      build/stm32f7xx_hal.o
HAL_GetTick                                       build/stm32f7xx_hal.o
                                                  build/stm32f7xx_hal_uart_ex.o
                                                  build/stm32f7xx_hal_uart.o
                                                  build/stm32f7xx_hal_rcc_ex.o
                                                  build/stm32f7xx_hal_rcc.o
                                                  build/stm32f7xx_hal_pwr_ex.o
                                                  build/stm32f7xx_hal_i2c.o
                                                  build/stm32f7xx_hal_flash.o
                                                  build/stm32f7xx_hal_dma.o
HAL_GetTickFreq                                   build/stm32f7xx_hal.o
HAL_GetTickPrio                                   build/stm32f7xx_hal.o
HAL_GetUIDw0                                      build/stm32f7xx_hal.o
HAL_GetUIDw1                                      build/stm32f7xx_hal.o
HAL_GetUIDw2                                      build/stm32f7xx_hal.o
HAL_HalfDuplex_EnableReceiver                     build/stm32f7xx_hal_uart.o
HAL_HalfDuplex_EnableTransmitter                  build/stm32f7xx_hal_uart.o
HAL_HalfDuplex_Init                               build/stm32f7xx_hal_uart.o
HAL_I2CEx_ConfigAnalogFilter                      build/stm32f7xx_hal_i2c_ex.o
HAL_I2CEx_ConfigDigitalFilter                     build/stm32f7xx_hal_i2c_ex.o
HAL_I2CEx_DisableFastModePlus                     build/stm32f7xx_hal_i2c_ex.o
HAL_I2CEx_EnableFastModePlus                      build/stm32f7xx_hal_i2c_ex.o
HAL_I2C_AbortCpltCallback                         build/stm32f7xx_hal_i2c.o
HAL_I2C_AddrCallback                              build/stm32f7xx_hal_i2c.o
HAL_I2C_DeInit                                    build/stm32f7xx_hal_i2c.o
HAL_I2C_DisableListen_IT                          build/stm32f7xx_hal_i2c.o
HAL_I2C_ER_IRQHandler                             build/stm32f7xx_hal_i2c.o
HAL_I2C_EV_IRQHandler                             build/stm32f7xx_hal_i2c.o
HAL_I2C_EnableListen_IT                           build/stm32f7xx_hal_i2c.o
HAL_I2C_ErrorCallback                             build/stm32f7xx_hal_i2c.o
HAL_I2C_GetError                                  build/stm32f7xx_hal_i2c.o
HAL_I2C_GetMode                                   build/stm32f7xx_hal_i2c.o
HAL_I2C_GetState                                  build/stm32f7xx_hal_i2c.o
HAL_I2C_Init                                      build/stm32f7xx_hal_i2c.o
HAL_I2C_IsDeviceReady                             build/stm32f7xx_hal_i2c.o
HAL_I2C_ListenCpltCallback                        build/stm32f7xx_hal_i2c.o
HAL_I2C_MasterRxCpltCallback                      build/stm32f7xx_hal_i2c.o
HAL_I2C_MasterTxCpltCallback                      build/stm32f7xx_hal_i2c.o
HAL_I2C_Master_Abort_IT                           build/stm32f7xx_hal_i2c.o
HAL_I2C_Master_Receive                            build/stm32f7xx_hal_i2c.o
HAL_I2C_Master_Receive_DMA                        build/stm32f7xx_hal_i2c.o
HAL_I2C_Master_Receive_IT                         build/stm32f7xx_hal_i2c.o
HAL_I2C_Master_Seq_Receive_DMA                    build/stm32f7xx_hal_i2c.o
HAL_I2C_Master_Seq_Receive_IT                     build/stm32f7xx_hal_i2c.o
HAL_I2C_Master_Seq_Transmit_DMA                   build/stm32f7xx_hal_i2c.o
HAL_I2C_Master_Seq_Transmit_IT                    build/stm32f7xx_hal_i2c.o
HAL_I2C_Master_Transmit                           build/stm32f7xx_hal_i2c.o
HAL_I2C_Master_Transmit_DMA                       build/stm32f7xx_hal_i2c.o
HAL_I2C_Master_Transmit_IT                        build/stm32f7xx_hal_i2c.o
HAL_I2C_MemRxCpltCallback                         build/stm32f7xx_hal_i2c.o
HAL_I2C_MemTxCpltCallback                         build/stm32f7xx_hal_i2c.o
HAL_I2C_Mem_Read                                  build/stm32f7xx_hal_i2c.o
HAL_I2C_Mem_Read_DMA                              build/stm32f7xx_hal_i2c.o
HAL_I2C_Mem_Read_IT                               build/stm32f7xx_hal_i2c.o
HAL_I2C_Mem_Write                                 build/stm32f7xx_hal_i2c.o
HAL_I2C_Mem_Write_DMA                             build/stm32f7xx_hal_i2c.o
HAL_I2C_Mem_Write_IT                              build/stm32f7xx_hal_i2c.o
HAL_I2C_MspDeInit                                 build/stm32f7xx_hal_i2c.o
HAL_I2C_MspInit                                   build/stm32f7xx_hal_i2c.o
HAL_I2C_SlaveRxCpltCallback                       build/stm32f7xx_hal_i2c.o
HAL_I2C_SlaveTxCpltCallback                       build/stm32f7xx_hal_i2c.o
HAL_I2C_Slave_Receive                             build/stm32f7xx_hal_i2c.o
HAL_I2C_Slave_Receive_DMA                         build/stm32f7xx_hal_i2c.o
HAL_I2C_Slave_Receive_IT                          build/stm32f7xx_hal_i2c.o
HAL_I2C_Slave_Seq_Receive_DMA                     build/stm32f7xx_hal_i2c.o
HAL_I2C_Slave_Seq_Receive_IT                      build/stm32f7xx_hal_i2c.o
HAL_I2C_Slave_Seq_Transmit_DMA                    build/stm32f7xx_hal_i2c.o
HAL_I2C_Slave_Seq_Transmit_IT                     build/stm32f7xx_hal_i2c.o
HAL_I2C_Slave_Transmit                            build/stm32f7xx_hal_i2c.o
HAL_I2C_Slave_Transmit_DMA                        build/stm32f7xx_hal_i2c.o
HAL_I2C_Slave_Transmit_IT                         build/stm32f7xx_hal_i2c.o
HAL_IncTick                                       build/stm32f7xx_hal.o
                                                  build/stm32f7xx_it.o
HAL_Init                                          build/stm32f7xx_hal.o
                                                  build/main.o
HAL_InitTick                                      build/stm32f7xx_hal.o
                                                  build/stm32f7xx_hal_rcc.o
HAL_LIN_Init                                      build/stm32f7xx_hal_uart.o
HAL_LIN_SendBreak                                 build/stm32f7xx_hal_uart.o
HAL_MPU_ConfigRegion                              build/stm32f7xx_hal_cortex.o
HAL_MPU_Disable                                   build/stm32f7xx_hal_cortex.o
HAL_MPU_Enable                                    build/stm32f7xx_hal_cortex.o
HAL_MspDeInit                                     build/stm32f7xx_hal.o
HAL_MspInit                                       build/stm32f7xx_hal_msp.o
                                                  build/stm32f7xx_hal.o
HAL_MultiProcessorEx_AddressLength_Set            build/stm32f7xx_hal_uart_ex.o
HAL_MultiProcessor_DisableMuteMode                build/stm32f7xx_hal_uart.o
HAL_MultiProcessor_EnableMuteMode                 build/stm32f7xx_hal_uart.o
HAL_MultiProcessor_EnterMuteMode                  build/stm32f7xx_hal_uart.o
HAL_MultiProcessor_Init                           build/stm32f7xx_hal_uart.o
HAL_NVIC_ClearPendingIRQ                          build/stm32f7xx_hal_cortex.o
HAL_NVIC_DisableIRQ                               build/stm32f7xx_hal_cortex.o
                                                  build/stm32f7xx_hal_msp.o
HAL_NVIC_EnableIRQ                                build/stm32f7xx_hal_cortex.o
                                                  build/stm32f7xx_hal_msp.o
HAL_NVIC_GetActive                                build/stm32f7xx_hal_cortex.o
HAL_NVIC_GetPendingIRQ                            build/stm32f7xx_hal_cortex.o
HAL_NVIC_GetPriority                              build/stm32f7xx_hal_cortex.o
HAL_NVIC_GetPriorityGrouping                      build/stm32f7xx_hal_cortex.o
HAL_NVIC_SetPendingIRQ                            build/stm32f7xx_hal_cortex.o
HAL_NVIC_SetPriority                              build/stm32f7xx_hal_cortex.o
                                                  build/stm32f7xx_hal_msp.o
                                                  build/stm32f7xx_hal.o
HAL_NVIC_SetPriorityGrouping                      build/stm32f7xx_hal_cortex.o
                                                  build/stm32f7xx_hal.o
HAL_NVIC_SystemReset                              build/stm32f7xx_hal_cortex.o
HAL_PWREx_ControlVoltageScaling                   build/stm32f7xx_hal_pwr_ex.o
HAL_PWREx_DisableBkUpReg                          build/stm32f7xx_hal_pwr_ex.o
HAL_PWREx_DisableFlashPowerDown                   build/stm32f7xx_hal_pwr_ex.o
HAL_PWREx_DisableLowRegulatorLowVoltage           build/stm32f7xx_hal_pwr_ex.o
HAL_PWREx_DisableMainRegulatorLowVoltage          build/stm32f7xx_hal_pwr_ex.o
HAL_PWREx_DisableOverDrive                        build/stm32f7xx_hal_pwr_ex.o
HAL_PWREx_EnableBkUpReg                           build/stm32f7xx_hal_pwr_ex.o
HAL_PWREx_EnableFlashPowerDown                    build/stm32f7xx_hal_pwr_ex.o
HAL_PWREx_EnableLowRegulatorLowVoltage            build/stm32f7xx_hal_pwr_ex.o
HAL_PWREx_EnableMainRegulatorLowVoltage           build/stm32f7xx_hal_pwr_ex.o
HAL_PWREx_EnableOverDrive                         build/stm32f7xx_hal_pwr_ex.o
                                                  build/main.o
HAL_PWREx_EnterUnderDriveSTOPMode                 build/stm32f7xx_hal_pwr_ex.o
HAL_PWREx_GetVoltageRange                         build/stm32f7xx_hal_pwr_ex.o
HAL_PWR_ConfigPVD                                 build/stm32f7xx_hal_pwr.o
HAL_PWR_DeInit                                    build/stm32f7xx_hal_pwr.o
HAL_PWR_DisableBkUpAccess                         build/stm32f7xx_hal_pwr.o
HAL_PWR_DisablePVD                                build/stm32f7xx_hal_pwr.o
HAL_PWR_DisableSEVOnPend                          build/stm32f7xx_hal_pwr.o
HAL_PWR_DisableSleepOnExit                        build/stm32f7xx_hal_pwr.o
HAL_PWR_DisableWakeUpPin                          build/stm32f7xx_hal_pwr.o
HAL_PWR_EnableBkUpAccess                          build/stm32f7xx_hal_pwr.o
HAL_PWR_EnablePVD                                 build/stm32f7xx_hal_pwr.o
HAL_PWR_EnableSEVOnPend                           build/stm32f7xx_hal_pwr.o
HAL_PWR_EnableSleepOnExit                         build/stm32f7xx_hal_pwr.o
HAL_PWR_EnableWakeUpPin                           build/stm32f7xx_hal_pwr.o
HAL_PWR_EnterSLEEPMode                            build/stm32f7xx_hal_pwr.o
HAL_PWR_EnterSTANDBYMode                          build/stm32f7xx_hal_pwr.o
HAL_PWR_EnterSTOPMode                             build/stm32f7xx_hal_pwr.o
HAL_PWR_PVDCallback                               build/stm32f7xx_hal_pwr.o
HAL_PWR_PVD_IRQHandler                            build/stm32f7xx_hal_pwr.o
HAL_RCCEx_DisablePLLI2S                           build/stm32f7xx_hal_rcc_ex.o
HAL_RCCEx_DisablePLLSAI                           build/stm32f7xx_hal_rcc_ex.o
HAL_RCCEx_EnablePLLI2S                            build/stm32f7xx_hal_rcc_ex.o
HAL_RCCEx_EnablePLLSAI                            build/stm32f7xx_hal_rcc_ex.o
HAL_RCCEx_GetPeriphCLKConfig                      build/stm32f7xx_hal_rcc_ex.o
HAL_RCCEx_GetPeriphCLKFreq                        build/stm32f7xx_hal_rcc_ex.o
HAL_RCCEx_PeriphCLKConfig                         build/stm32f7xx_hal_rcc_ex.o
                                                  build/main.o
HAL_RCC_CSSCallback                               build/stm32f7xx_hal_rcc.o
HAL_RCC_ClockConfig                               build/stm32f7xx_hal_rcc.o
                                                  build/main.o
HAL_RCC_DeInit                                    build/stm32f7xx_hal_rcc.o
HAL_RCC_DisableCSS                                build/stm32f7xx_hal_rcc.o
HAL_RCC_EnableCSS                                 build/stm32f7xx_hal_rcc.o
HAL_RCC_GetClockConfig                            build/stm32f7xx_hal_rcc.o
HAL_RCC_GetHCLKFreq                               build/stm32f7xx_hal_rcc.o
HAL_RCC_GetOscConfig                              build/stm32f7xx_hal_rcc.o
HAL_RCC_GetPCLK1Freq                              build/stm32f7xx_hal_rcc.o
                                                  build/stm32f7xx_hal_uart.o
HAL_RCC_GetPCLK2Freq                              build/stm32f7xx_hal_rcc.o
                                                  build/stm32f7xx_hal_uart.o
HAL_RCC_GetSysClockFreq                           build/stm32f7xx_hal_rcc.o
                                                  build/stm32f7xx_hal_uart.o
HAL_RCC_MCOConfig                                 build/stm32f7xx_hal_rcc.o
HAL_RCC_NMI_IRQHandler                            build/stm32f7xx_hal_rcc.o
HAL_RCC_OscConfig                                 build/stm32f7xx_hal_rcc.o
                                                  build/main.o
HAL_RS485Ex_Init                                  build/stm32f7xx_hal_uart_ex.o
HAL_ResumeTick                                    build/stm32f7xx_hal.o
HAL_SYSTICK_CLKSourceConfig                       build/stm32f7xx_hal_cortex.o
HAL_SYSTICK_Callback                              build/stm32f7xx_hal_cortex.o
HAL_SYSTICK_Config                                build/stm32f7xx_hal_cortex.o